../Core/Src/USART_program.c:17:6:MUSART_voidInit	0	static
../Core/Src/USART_program.c:88:6:MSUART_voidInterrupt	0	static
../Core/Src/USART_program.c:102:4:MSUART_u8GetFlagTC	0	static
../Core/Src/USART_program.c:106:4:MSUART_u8GetFlagRxNE	0	static
../Core/Src/USART_program.c:110:4:MSUART_u8GetFlagTxE	0	static
../Core/Src/USART_program.c:114:4:MSUART_u8GetFlagIdle	0	static
../Core/Src/USART_program.c:120:4:MSUART_u8ReadDataRegister	0	static
../Core/Src/USART_program.c:124:6:MSUART_voidLoadDataRegister	0	static
../Core/Src/USART_program.c:130:4:MSUART_u8ReceiveWait	8	static
../Core/Src/USART_program.c:135:6:MSUART_voidTransmitCharWait	8	static
../Core/Src/USART_program.c:140:6:MSUART_voidTransmitStringArrayWait	16	static
../Core/Src/USART_program.c:152:6:MUSART1_voidSetCallBack	0	static
../Core/Src/USART_program.c:157:6:USART1_IRQHandler	0	static
../Core/Src/USART_program.c:162:6:MUSART2_voidSetCallBack	0	static
../Core/Src/USART_program.c:166:6:MUSART2_IRQHandler	0	static
../Core/Src/USART_program.c:171:6:MUSART3_voidSetCallBack	0	static
../Core/Src/USART_program.c:176:6:USART3_IRQHandler	0	static
../Core/Src/USART_program.c:181:6:MUART4_voidSetCallBack	0	static
../Core/Src/USART_program.c:186:6:UART4_IRQHandler	0	static
../Core/Src/USART_program.c:191:6:MUART5_voidSetCallBack	0	static
../Core/Src/USART_program.c:196:6:UART5_IRQHandler	0	static
../Core/Src/USART_program.c:201:6:MUSART6_voidSetCallBack	0	static
../Core/Src/USART_program.c:206:6:USART6_IRQHandler	0	static
