Archive member included to satisfy reference by file (symbol)

c:/st/stm32cubeide_1.9.0/stm32cubeide/plugins/com.st.stm32cube.ide.mcu.externaltools.gnu-tools-for-stm32.10.3-2021.10.win32_1.0.0.202111181127/tools/bin/../lib/gcc/arm-none-eabi/10.3.1/../../../../arm-none-eabi/lib/thumb/v7e-m+fp/hard\libc_nano.a(lib_a-errno.o)
                              ./Core/Src/syscalls.o (__errno)
c:/st/stm32cubeide_1.9.0/stm32cubeide/plugins/com.st.stm32cube.ide.mcu.externaltools.gnu-tools-for-stm32.10.3-2021.10.win32_1.0.0.202111181127/tools/bin/../lib/gcc/arm-none-eabi/10.3.1/../../../../arm-none-eabi/lib/thumb/v7e-m+fp/hard\libc_nano.a(lib_a-exit.o)
                              c:/st/stm32cubeide_1.9.0/stm32cubeide/plugins/com.st.stm32cube.ide.mcu.externaltools.gnu-tools-for-stm32.10.3-2021.10.win32_1.0.0.202111181127/tools/bin/../lib/gcc/arm-none-eabi/10.3.1/../../../../arm-none-eabi/lib/thumb/v7e-m+fp/hard/crt0.o (exit)
c:/st/stm32cubeide_1.9.0/stm32cubeide/plugins/com.st.stm32cube.ide.mcu.externaltools.gnu-tools-for-stm32.10.3-2021.10.win32_1.0.0.202111181127/tools/bin/../lib/gcc/arm-none-eabi/10.3.1/../../../../arm-none-eabi/lib/thumb/v7e-m+fp/hard\libc_nano.a(lib_a-impure.o)
                              c:/st/stm32cubeide_1.9.0/stm32cubeide/plugins/com.st.stm32cube.ide.mcu.externaltools.gnu-tools-for-stm32.10.3-2021.10.win32_1.0.0.202111181127/tools/bin/../lib/gcc/arm-none-eabi/10.3.1/../../../../arm-none-eabi/lib/thumb/v7e-m+fp/hard\libc_nano.a(lib_a-exit.o) (_global_impure_ptr)
c:/st/stm32cubeide_1.9.0/stm32cubeide/plugins/com.st.stm32cube.ide.mcu.externaltools.gnu-tools-for-stm32.10.3-2021.10.win32_1.0.0.202111181127/tools/bin/../lib/gcc/arm-none-eabi/10.3.1/../../../../arm-none-eabi/lib/thumb/v7e-m+fp/hard\libc_nano.a(lib_a-init.o)
                              c:/st/stm32cubeide_1.9.0/stm32cubeide/plugins/com.st.stm32cube.ide.mcu.externaltools.gnu-tools-for-stm32.10.3-2021.10.win32_1.0.0.202111181127/tools/bin/../lib/gcc/arm-none-eabi/10.3.1/../../../../arm-none-eabi/lib/thumb/v7e-m+fp/hard/crt0.o (__libc_init_array)
c:/st/stm32cubeide_1.9.0/stm32cubeide/plugins/com.st.stm32cube.ide.mcu.externaltools.gnu-tools-for-stm32.10.3-2021.10.win32_1.0.0.202111181127/tools/bin/../lib/gcc/arm-none-eabi/10.3.1/../../../../arm-none-eabi/lib/thumb/v7e-m+fp/hard\libc_nano.a(lib_a-memset.o)
                              c:/st/stm32cubeide_1.9.0/stm32cubeide/plugins/com.st.stm32cube.ide.mcu.externaltools.gnu-tools-for-stm32.10.3-2021.10.win32_1.0.0.202111181127/tools/bin/../lib/gcc/arm-none-eabi/10.3.1/../../../../arm-none-eabi/lib/thumb/v7e-m+fp/hard/crt0.o (memset)
c:/st/stm32cubeide_1.9.0/stm32cubeide/plugins/com.st.stm32cube.ide.mcu.externaltools.gnu-tools-for-stm32.10.3-2021.10.win32_1.0.0.202111181127/tools/bin/../lib/gcc/arm-none-eabi/10.3.1/thumb/v7e-m+fp/hard\libgcc.a(_aeabi_uldivmod.o)
                              ./Drivers/STM32F4xx_HAL_Driver/Src/stm32f4xx_hal_rcc.o (__aeabi_uldivmod)
c:/st/stm32cubeide_1.9.0/stm32cubeide/plugins/com.st.stm32cube.ide.mcu.externaltools.gnu-tools-for-stm32.10.3-2021.10.win32_1.0.0.202111181127/tools/bin/../lib/gcc/arm-none-eabi/10.3.1/thumb/v7e-m+fp/hard\libgcc.a(_udivmoddi4.o)
                              c:/st/stm32cubeide_1.9.0/stm32cubeide/plugins/com.st.stm32cube.ide.mcu.externaltools.gnu-tools-for-stm32.10.3-2021.10.win32_1.0.0.202111181127/tools/bin/../lib/gcc/arm-none-eabi/10.3.1/thumb/v7e-m+fp/hard\libgcc.a(_aeabi_uldivmod.o) (__udivmoddi4)
c:/st/stm32cubeide_1.9.0/stm32cubeide/plugins/com.st.stm32cube.ide.mcu.externaltools.gnu-tools-for-stm32.10.3-2021.10.win32_1.0.0.202111181127/tools/bin/../lib/gcc/arm-none-eabi/10.3.1/thumb/v7e-m+fp/hard\libgcc.a(_dvmd_tls.o)
                              c:/st/stm32cubeide_1.9.0/stm32cubeide/plugins/com.st.stm32cube.ide.mcu.externaltools.gnu-tools-for-stm32.10.3-2021.10.win32_1.0.0.202111181127/tools/bin/../lib/gcc/arm-none-eabi/10.3.1/thumb/v7e-m+fp/hard\libgcc.a(_aeabi_uldivmod.o) (__aeabi_ldiv0)

Discarded input sections

 .text          0x0000000000000000        0x0 c:/st/stm32cubeide_1.9.0/stm32cubeide/plugins/com.st.stm32cube.ide.mcu.externaltools.gnu-tools-for-stm32.10.3-2021.10.win32_1.0.0.202111181127/tools/bin/../lib/gcc/arm-none-eabi/10.3.1/thumb/v7e-m+fp/hard/crti.o
 .data          0x0000000000000000        0x0 c:/st/stm32cubeide_1.9.0/stm32cubeide/plugins/com.st.stm32cube.ide.mcu.externaltools.gnu-tools-for-stm32.10.3-2021.10.win32_1.0.0.202111181127/tools/bin/../lib/gcc/arm-none-eabi/10.3.1/thumb/v7e-m+fp/hard/crti.o
 .bss           0x0000000000000000        0x0 c:/st/stm32cubeide_1.9.0/stm32cubeide/plugins/com.st.stm32cube.ide.mcu.externaltools.gnu-tools-for-stm32.10.3-2021.10.win32_1.0.0.202111181127/tools/bin/../lib/gcc/arm-none-eabi/10.3.1/thumb/v7e-m+fp/hard/crti.o
[...]
Memory Configuration

Name             Origin             Length             Attributes
RAM              0x0000000020000000 0x0000000000020000 xrw
FLASH            0x0000000008000000 0x0000000000080000 xr
*default*        0x0000000000000000 0xffffffffffffffff

Linker script and memory map

LOAD c:/st/stm32cubeide_1.9.0/stm32cubeide/plugins/com.st.stm32cube.ide.mcu.externaltools.gnu-tools-for-stm32.10.3-2021.10.win32_1.0.0.202111181127/tools/bin/../lib/gcc/arm-none-eabi/10.3.1/thumb/v7e-m+fp/hard/crti.o
LOAD c:/st/stm32cubeide_1.9.0/stm32cubeide/plugins/com.st.stm32cube.ide.mcu.externaltools.gnu-tools-for-stm32.10.3-2021.10.win32_1.0.0.202111181127/tools/bin/../lib/gcc/arm-none-eabi/10.3.1/thumb/v7e-m+fp/hard/crtbegin.o
LOAD c:/st/stm32cubeide_1.9.0/stm32cubeide/plugins/com.st.stm32cube.ide.mcu.externaltools.gnu-tools-for-stm32.10.3-2021.10.win32_1.0.0.202111181127/tools/bin/../lib/gcc/arm-none-eabi/10.3.1/../../../../arm-none-eabi/lib/thumb/v7e-m+fp/hard/crt0.o
LOAD ./Core/Src/CAN_program.o
LOAD ./Core/Src/Delay_program.o
LOAD ./Core/Src/ESP8266_program.o
LOAD ./Core/Src/EXTI_program.o
LOAD ./Core/Src/Flash_Program.o
LOAD ./Core/Src/GPIO_program.o
LOAD ./Core/Src/NVIC_config.o
LOAD ./Core/Src/NVIC_program.o
LOAD ./Core/Src/RCC_Program.o
LOAD ./Core/Src/STK_program.o
LOAD ./Core/Src/Timer_program.o
LOAD ./Core/Src/USART_program.o
LOAD ./Core/Src/main.o
LOAD ./Core/Src/stm32f4xx_hal_msp.o
LOAD ./Core/Src/syscalls.o
LOAD ./Core/Src/sysmem.o
LOAD ./Core/Src/system_stm32f4xx.o
LOAD ./Core/Startup/startup_stm32f446retx.o
LOAD ./Drivers/STM32F4xx_HAL_Driver/Src/stm32f4xx_hal.o
LOAD ./Drivers/STM32F4xx_HAL_Driver/Src/stm32f4xx_hal_cortex.o
LOAD ./Drivers/STM32F4xx_HAL_Driver/Src/stm32f4xx_hal_dma.o
LOAD ./Drivers/STM32F4xx_HAL_Driver/Src/stm32f4xx_hal_dma_ex.o
LOAD ./Drivers/STM32F4xx_HAL_Driver/Src/stm32f4xx_hal_exti.o
LOAD ./Drivers/STM32F4xx_HAL_Driver/Src/stm32f4xx_hal_flash.o
LOAD ./Drivers/STM32F4xx_HAL_Driver/Src/stm32f4xx_hal_flash_ex.o
LOAD ./Drivers/STM32F4xx_HAL_Driver/Src/stm32f4xx_hal_flash_ramfunc.o
LOAD ./Drivers/STM32F4xx_HAL_Driver/Src/stm32f4xx_hal_gpio.o
LOAD ./Drivers/STM32F4xx_HAL_Driver/Src/stm32f4xx_hal_pwr.o
LOAD ./Drivers/STM32F4xx_HAL_Driver/Src/stm32f4xx_hal_pwr_ex.o
LOAD ./Drivers/STM32F4xx_HAL_Driver/Src/stm32f4xx_hal_rcc.o
LOAD ./Drivers/STM32F4xx_HAL_Driver/Src/stm32f4xx_hal_rcc_ex.o
LOAD ./Drivers/STM32F4xx_HAL_Driver/Src/stm32f4xx_hal_tim.o
LOAD ./Drivers/STM32F4xx_HAL_Driver/Src/stm32f4xx_hal_tim_ex.o
LOAD ./Drivers/STM32F4xx_HAL_Driver/Src/stm32f4xx_hal_uart.o
START GROUP
LOAD c:/st/stm32cubeide_1.9.0/stm32cubeide/plugins/com.st.stm32cube.ide.mcu.externaltools.gnu-tools-for-stm32.10.3-2021.10.win32_1.0.0.202111181127/tools/bin/../lib/gcc/arm-none-eabi/10.3.1/../../../../arm-none-eabi/lib/thumb/v7e-m+fp/hard\libc_nano.a
LOAD c:/st/stm32cubeide_1.9.0/stm32cubeide/plugins/com.st.stm32cube.ide.mcu.externaltools.gnu-tools-for-stm32.10.3-2021.10.win32_1.0.0.202111181127/tools/bin/../lib/gcc/arm-none-eabi/10.3.1/../../../../arm-none-eabi/lib/thumb/v7e-m+fp/hard\libm.a
END GROUP
START GROUP
LOAD c:/st/stm32cubeide_1.9.0/stm32cubeide/plugins/com.st.stm32cube.ide.mcu.externaltools.gnu-tools-for-stm32.10.3-2021.10.win32_1.0.0.202111181127/tools/bin/../lib/gcc/arm-none-eabi/10.3.1/thumb/v7e-m+fp/hard\libgcc.a
LOAD c:/st/stm32cubeide_1.9.0/stm32cubeide/plugins/com.st.stm32cube.ide.mcu.externaltools.gnu-tools-for-stm32.10.3-2021.10.win32_1.0.0.202111181127/tools/bin/../lib/gcc/arm-none-eabi/10.3.1/../../../../arm-none-eabi/lib/thumb/v7e-m+fp/hard\libc_nano.a
END GROUP
START GROUP
LOAD c:/st/stm32cubeide_1.9.0/stm32cubeide/plugins/com.st.stm32cube.ide.mcu.externaltools.gnu-tools-for-stm32.10.3-2021.10.win32_1.0.0.202111181127/tools/bin/../lib/gcc/arm-none-eabi/10.3.1/thumb/v7e-m+fp/hard\libgcc.a
LOAD c:/st/stm32cubeide_1.9.0/stm32cubeide/plugins/com.st.stm32cube.ide.mcu.externaltools.gnu-tools-for-stm32.10.3-2021.10.win32_1.0.0.202111181127/tools/bin/../lib/gcc/arm-none-eabi/10.3.1/../../../../arm-none-eabi/lib/thumb/v7e-m+fp/hard\libc_nano.a
LOAD c:/st/stm32cubeide_1.9.0/stm32cubeide/plugins/com.st.stm32cube.ide.mcu.externaltools.gnu-tools-for-stm32.10.3-2021.10.win32_1.0.0.202111181127/tools/bin/../lib/gcc/arm-none-eabi/10.3.1/../../../../arm-none-eabi/lib/thumb/v7e-m+fp/hard\libnosys.a
END GROUP
START GROUP
LOAD c:/st/stm32cubeide_1.9.0/stm32cubeide/plugins/com.st.stm32cube.ide.mcu.externaltools.gnu-tools-for-stm32.10.3-2021.10.win32_1.0.0.202111181127/tools/bin/../lib/gcc/arm-none-eabi/10.3.1/thumb/v7e-m+fp/hard\libgcc.a
LOAD c:/st/stm32cubeide_1.9.0/stm32cubeide/plugins/com.st.stm32cube.ide.mcu.externaltools.gnu-tools-for-stm32.10.3-2021.10.win32_1.0.0.202111181127/tools/bin/../lib/gcc/arm-none-eabi/10.3.1/../../../../arm-none-eabi/lib/thumb/v7e-m+fp/hard\libc_nano.a
LOAD c:/st/stm32cubeide_1.9.0/stm32cubeide/plugins/com.st.stm32cube.ide.mcu.externaltools.gnu-tools-for-stm32.10.3-2021.10.win32_1.0.0.202111181127/tools/bin/../lib/gcc/arm-none-eabi/10.3.1/../../../../arm-none-eabi/lib/thumb/v7e-m+fp/hard\libnosys.a
END GROUP
LOAD c:/st/stm32cubeide_1.9.0/stm32cubeide/plugins/com.st.stm32cube.ide.mcu.externaltools.gnu-tools-for-stm32.10.3-2021.10.win32_1.0.0.202111181127/tools/bin/../lib/gcc/arm-none-eabi/10.3.1/thumb/v7e-m+fp/hard/crtend.o
LOAD c:/st/stm32cubeide_1.9.0/stm32cubeide/plugins/com.st.stm32cube.ide.mcu.externaltools.gnu-tools-for-stm32.10.3-2021.10.win32_1.0.0.202111181127/tools/bin/../lib/gcc/arm-none-eabi/10.3.1/thumb/v7e-m+fp/hard/crtn.o
                0x0000000020020000                _estack = (ORIGIN (RAM) + LENGTH (RAM))
                0x0000000000000200                _Min_Heap_Size = 0x200
                0x0000000000000400                _Min_Stack_Size = 0x400

.isr_vector     0x0000000008000000      0x1c4
                0x0000000008000000                . = ALIGN (0x4)
 *(.isr_vector)
 .isr_vector    0x0000000008000000      0x1c4 ./Core/Startup/startup_stm32f446retx.o
                0x0000000008000000                g_pfnVectors
                0x00000000080001c4                . = ALIGN (0x4)

.text           0x00000000080001c4     0x1210
                0x00000000080001c4                . = ALIGN (0x4)
 *(.text)
 .text          0x00000000080001c4       0x40 c:/st/stm32cubeide_1.9.0/stm32cubeide/plugins/com.st.stm32cube.ide.mcu.externaltools.gnu-tools-for-stm32.10.3-2021.10.win32_1.0.0.202111181127/tools/bin/../lib/gcc/arm-none-eabi/10.3.1/thumb/v7e-m+fp/hard/crtbegin.o
 *(.text*)
 .text.CAN_voidInitialize
                0x0000000008000204      0x240 ./Core/Src/CAN_program.o
                0x0000000008000204                CAN_voidInitialize
 .text.CAN_voidTransmit
                0x0000000008000444      0x41c ./Core/Src/CAN_program.o
                0x0000000008000444                CAN_voidTransmit
 .text.CAN_voidReceive
                0x0000000008000860      0x1ec ./Core/Src/CAN_program.o
                0x0000000008000860                CAN_voidReceive
 .text.CAN1_TX_IRQHandler
                0x0000000008000a4c       0x14 ./Core/Src/CAN_program.o
                0x0000000008000a4c                CAN1_TX_IRQHandler
 .text.CAN1_RX0_IRQHandler
                0x0000000008000a60       0x14 ./Core/Src/CAN_program.o
                0x0000000008000a60                CAN1_RX0_IRQHandler
 .text.CAN1_RX1_IRQHandler
                0x0000000008000a74       0x14 ./Core/Src/CAN_program.o
                0x0000000008000a74                CAN1_RX1_IRQHandler
 .text.CAN1_SCE_IRQHandler
                0x0000000008000a88       0x14 ./Core/Src/CAN_program.o
                0x0000000008000a88                CAN1_SCE_IRQHandler
 .text.EXTI0_IRQHandler
                0x0000000008000a9c       0x1c ./Core/Src/EXTI_program.o
                0x0000000008000a9c                EXTI0_IRQHandler
 .text.GPIO_voidSetPinDirection
                0x0000000008000ab8      0x2b0 ./Core/Src/GPIO_program.o
                0x0000000008000ab8                GPIO_voidSetPinDirection
 .text.GPIO_voidSetPinValue
                0x0000000008000d68       0x90 ./Core/Src/GPIO_program.o
                0x0000000008000d68                GPIO_voidSetPinValue
 .text.GPIO_voidSetAlternatingFunction
                0x0000000008000df8      0x114 ./Core/Src/GPIO_program.o
                0x0000000008000df8                GPIO_voidSetAlternatingFunction
 .text.NVIC_Init
                0x0000000008000f0c      0x13c ./Core/Src/NVIC_program.o
                0x0000000008000f0c                NVIC_Init
 .text.RCC_voidInitSystemClock
                0x0000000008001048       0x40 ./Core/Src/RCC_Program.o
                0x0000000008001048                RCC_voidInitSystemClock
 .text.RCC_voidEnableCompClk
                0x0000000008001088       0xc8 ./Core/Src/RCC_Program.o
                0x0000000008001088                RCC_voidEnableCompClk
 .text.mSTK_StopTimer
                0x0000000008001150       0x2c ./Core/Src/STK_program.o
                0x0000000008001150                mSTK_StopTimer
 .text.SysTick_Handler
                0x000000000800117c       0x2c ./Core/Src/STK_program.o
                0x000000000800117c                SysTick_Handler
 .text.TIM3_IRQHandler
                0x00000000080011a8       0x14 ./Core/Src/Timer_program.o
                0x00000000080011a8                TIM3_IRQHandler
 .text.USART1_IRQHandler
                0x00000000080011bc       0x14 ./Core/Src/USART_program.o
                0x00000000080011bc                USART1_IRQHandler
 .text.USART3_IRQHandler
                0x00000000080011d0       0x14 ./Core/Src/USART_program.o
                0x00000000080011d0                USART3_IRQHandler
 .text.UART4_IRQHandler
                0x00000000080011e4       0x14 ./Core/Src/USART_program.o
                0x00000000080011e4                UART4_IRQHandler
 .text.UART5_IRQHandler
                0x00000000080011f8       0x14 ./Core/Src/USART_program.o
                0x00000000080011f8                UART5_IRQHandler
 .text.USART6_IRQHandler
                0x000000000800120c       0x14 ./Core/Src/USART_program.o
                0x000000000800120c                USART6_IRQHandler
 .text.DMA2_Stream5_IRQHandler
                0x0000000008001220       0x14 ./Core/Src/USART_program.o
                0x0000000008001220                DMA2_Stream5_IRQHandler
 .text.DMA2_Stream7_IRQHandler
                0x0000000008001234       0x14 ./Core/Src/USART_program.o
                0x0000000008001234                DMA2_Stream7_IRQHandler
 .text.main     0x0000000008001248       0xb2 ./Core/Src/main.o
                0x0000000008001248                main
 *fill*         0x00000000080012fa        0x2 
 .text.SystemInit
                0x00000000080012fc       0x24 ./Core/Src/system_stm32f4xx.o
                0x00000000080012fc                SystemInit
 .text.Reset_Handler
                0x0000000008001320       0x50 ./Core/Startup/startup_stm32f446retx.o
                0x0000000008001320                Reset_Handler
 .text.Default_Handler
                0x0000000008001370        0x2 ./Core/Startup/startup_stm32f446retx.o
                0x0000000008001370                RTC_Alarm_IRQHandler
                0x0000000008001370                EXTI2_IRQHandler
                0x0000000008001370                TIM8_CC_IRQHandler
                0x0000000008001370                DebugMon_Handler
                0x0000000008001370                FMPI2C1_EV_IRQHandler
                0x0000000008001370                SPI4_IRQHandler
                0x0000000008001370                TIM1_CC_IRQHandler
                0x0000000008001370                HardFault_Handler
                0x0000000008001370                DMA1_Stream5_IRQHandler
                0x0000000008001370                PVD_IRQHandler
                0x0000000008001370                SDIO_IRQHandler
                0x0000000008001370                TAMP_STAMP_IRQHandler
                0x0000000008001370                PendSV_Handler
                0x0000000008001370                NMI_Handler
                0x0000000008001370                CAN2_RX1_IRQHandler
                0x0000000008001370                EXTI3_IRQHandler
                0x0000000008001370                TIM8_TRG_COM_TIM14_IRQHandler
                0x0000000008001370                TIM1_UP_TIM10_IRQHandler
                0x0000000008001370                TIM8_UP_TIM13_IRQHandler
                0x0000000008001370                I2C3_ER_IRQHandler
                0x0000000008001370                I2C2_EV_IRQHandler
                0x0000000008001370                DMA1_Stream2_IRQHandler
                0x0000000008001370                FPU_IRQHandler
                0x0000000008001370                OTG_HS_WKUP_IRQHandler
                0x0000000008001370                UsageFault_Handler
                0x0000000008001370                CAN2_SCE_IRQHandler
                0x0000000008001370                DMA2_Stream2_IRQHandler
                0x0000000008001370                SPI1_IRQHandler
                0x0000000008001370                TIM6_DAC_IRQHandler
                0x0000000008001370                TIM1_BRK_TIM9_IRQHandler
                0x0000000008001370                DCMI_IRQHandler
                0x0000000008001370                CAN2_RX0_IRQHandler
                0x0000000008001370                DMA2_Stream3_IRQHandler
                0x0000000008001370                SAI2_IRQHandler
                0x0000000008001370                DMA2_Stream0_IRQHandler
                0x0000000008001370                TIM4_IRQHandler
                0x0000000008001370                QUADSPI_IRQHandler
                0x0000000008001370                I2C1_EV_IRQHandler
                0x0000000008001370                DMA1_Stream6_IRQHandler
                0x0000000008001370                DMA1_Stream1_IRQHandler
                0x0000000008001370                RCC_IRQHandler
                0x0000000008001370                TIM8_BRK_TIM12_IRQHandler
                0x0000000008001370                Default_Handler
                0x0000000008001370                CEC_IRQHandler
                0x0000000008001370                EXTI15_10_IRQHandler
                0x0000000008001370                ADC_IRQHandler
                0x0000000008001370                DMA1_Stream7_IRQHandler
                0x0000000008001370                TIM7_IRQHandler
                0x0000000008001370                CAN2_TX_IRQHandler
                0x0000000008001370                TIM5_IRQHandler
                0x0000000008001370                I2C3_EV_IRQHandler
                0x0000000008001370                EXTI9_5_IRQHandler
                0x0000000008001370                RTC_WKUP_IRQHandler
                0x0000000008001370                SPDIF_RX_IRQHandler
                0x0000000008001370                SPI2_IRQHandler
                0x0000000008001370                OTG_HS_EP1_IN_IRQHandler
                0x0000000008001370                MemManage_Handler
                0x0000000008001370                DMA1_Stream0_IRQHandler
                0x0000000008001370                SVC_Handler
                0x0000000008001370                FMPI2C1_ER_IRQHandler
                0x0000000008001370                EXTI4_IRQHandler
                0x0000000008001370                OTG_HS_EP1_OUT_IRQHandler
                0x0000000008001370                WWDG_IRQHandler
                0x0000000008001370                TIM2_IRQHandler
                0x0000000008001370                OTG_FS_WKUP_IRQHandler
                0x0000000008001370                TIM1_TRG_COM_TIM11_IRQHandler
                0x0000000008001370                OTG_HS_IRQHandler
                0x0000000008001370                EXTI1_IRQHandler
                0x0000000008001370                USART2_IRQHandler
                0x0000000008001370                I2C2_ER_IRQHandler
                0x0000000008001370                DMA2_Stream1_IRQHandler
                0x0000000008001370                FLASH_IRQHandler
                0x0000000008001370                DMA2_Stream4_IRQHandler
                0x0000000008001370                BusFault_Handler
                0x0000000008001370                OTG_FS_IRQHandler
                0x0000000008001370                SPI3_IRQHandler
                0x0000000008001370                DMA1_Stream4_IRQHandler
                0x0000000008001370                I2C1_ER_IRQHandler
                0x0000000008001370                FMC_IRQHandler
                0x0000000008001370                DMA2_Stream6_IRQHandler
                0x0000000008001370                SAI1_IRQHandler
                0x0000000008001370                DMA1_Stream3_IRQHandler
 *fill*         0x0000000008001372        0x2 
 .text.__libc_init_array
                0x0000000008001374       0x48 c:/st/stm32cubeide_1.9.0/stm32cubeide/plugins/com.st.stm32cube.ide.mcu.externaltools.gnu-tools-for-stm32.10.3-2021.10.win32_1.0.0.202111181127/tools/bin/../lib/gcc/arm-none-eabi/10.3.1/../../../../arm-none-eabi/lib/thumb/v7e-m+fp/hard\libc_nano.a(lib_a-init.o)
                0x0000000008001374                __libc_init_array
 *(.glue_7)
 .glue_7        0x00000000080013bc        0x0 linker stubs
 *(.glue_7t)
 .glue_7t       0x00000000080013bc        0x0 linker stubs
 *(.eh_frame)
 .eh_frame      0x00000000080013bc        0x0 c:/st/stm32cubeide_1.9.0/stm32cubeide/plugins/com.st.stm32cube.ide.mcu.externaltools.gnu-tools-for-stm32.10.3-2021.10.win32_1.0.0.202111181127/tools/bin/../lib/gcc/arm-none-eabi/10.3.1/thumb/v7e-m+fp/hard/crtbegin.o
 *(.init)
 .init          0x00000000080013bc        0x4 c:/st/stm32cubeide_1.9.0/stm32cubeide/plugins/com.st.stm32cube.ide.mcu.externaltools.gnu-tools-for-stm32.10.3-2021.10.win32_1.0.0.202111181127/tools/bin/../lib/gcc/arm-none-eabi/10.3.1/thumb/v7e-m+fp/hard/crti.o
                0x00000000080013bc                _init
 .init          0x00000000080013c0        0x8 c:/st/stm32cubeide_1.9.0/stm32cubeide/plugins/com.st.stm32cube.ide.mcu.externaltools.gnu-tools-for-stm32.10.3-2021.10.win32_1.0.0.202111181127/tools/bin/../lib/gcc/arm-none-eabi/10.3.1/thumb/v7e-m+fp/hard/crtn.o
 *(.fini)
 .fini          0x00000000080013c8        0x4 c:/st/stm32cubeide_1.9.0/stm32cubeide/plugins/com.st.stm32cube.ide.mcu.externaltools.gnu-tools-for-stm32.10.3-2021.10.win32_1.0.0.202111181127/tools/bin/../lib/gcc/arm-none-eabi/10.3.1/thumb/v7e-m+fp/hard/crti.o
                0x00000000080013c8                _fini
 .fini          0x00000000080013cc        0x8 c:/st/stm32cubeide_1.9.0/stm32cubeide/plugins/com.st.stm32cube.ide.mcu.externaltools.gnu-tools-for-stm32.10.3-2021.10.win32_1.0.0.202111181127/tools/bin/../lib/gcc/arm-none-eabi/10.3.1/thumb/v7e-m+fp/hard/crtn.o
                0x00000000080013d4                . = ALIGN (0x4)
                0x00000000080013d4                _etext = .

.vfp11_veneer   0x00000000080013d4        0x0
 .vfp11_veneer  0x00000000080013d4        0x0 linker stubs

.v4_bx          0x00000000080013d4        0x0
 .v4_bx         0x00000000080013d4        0x0 linker stubs

.iplt           0x00000000080013d4        0x0
 .iplt          0x00000000080013d4        0x0 c:/st/stm32cubeide_1.9.0/stm32cubeide/plugins/com.st.stm32cube.ide.mcu.externaltools.gnu-tools-for-stm32.10.3-2021.10.win32_1.0.0.202111181127/tools/bin/../lib/gcc/arm-none-eabi/10.3.1/thumb/v7e-m+fp/hard/crtbegin.o

.rodata         0x00000000080013d4        0x4
                0x00000000080013d4                . = ALIGN (0x4)
 *(.rodata)
 *(.rodata*)
 .rodata.NVIC_Cfg
                0x00000000080013d4        0x3 ./Core/Src/NVIC_config.o
                0x00000000080013d4                NVIC_Cfg
                0x00000000080013d8                . = ALIGN (0x4)
 *fill*         0x00000000080013d7        0x1 

.rel.dyn        0x00000000080013d8        0x0
 .rel.iplt      0x00000000080013d8        0x0 c:/st/stm32cubeide_1.9.0/stm32cubeide/plugins/com.st.stm32cube.ide.mcu.externaltools.gnu-tools-for-stm32.10.3-2021.10.win32_1.0.0.202111181127/tools/bin/../lib/gcc/arm-none-eabi/10.3.1/thumb/v7e-m+fp/hard/crtbegin.o

.ARM.extab      0x00000000080013d8        0x0
                0x00000000080013d8                . = ALIGN (0x4)
 *(.ARM.extab* .gnu.linkonce.armextab.*)
                0x00000000080013d8                . = ALIGN (0x4)

.ARM            0x00000000080013d8        0x0
                0x00000000080013d8                . = ALIGN (0x4)
                0x00000000080013d8                __exidx_start = .
 *(.ARM.exidx*)
                0x00000000080013d8                __exidx_end = .
                0x00000000080013d8                . = ALIGN (0x4)

.preinit_array  0x00000000080013d8        0x0
                0x00000000080013d8                . = ALIGN (0x4)
                0x00000000080013d8                PROVIDE (__preinit_array_start = .)
 *(.preinit_array*)
                0x00000000080013d8                PROVIDE (__preinit_array_end = .)
                0x00000000080013d8                . = ALIGN (0x4)

.init_array     0x00000000080013d8        0x4
                0x00000000080013d8                . = ALIGN (0x4)
                0x00000000080013d8                PROVIDE (__init_array_start = .)
 *(SORT_BY_NAME(.init_array.*))
 *(.init_array*)
 .init_array    0x00000000080013d8        0x4 c:/st/stm32cubeide_1.9.0/stm32cubeide/plugins/com.st.stm32cube.ide.mcu.externaltools.gnu-tools-for-stm32.10.3-2021.10.win32_1.0.0.202111181127/tools/bin/../lib/gcc/arm-none-eabi/10.3.1/thumb/v7e-m+fp/hard/crtbegin.o
                0x00000000080013dc                PROVIDE (__init_array_end = .)
                0x00000000080013dc                . = ALIGN (0x4)

.fini_array     0x00000000080013dc        0x4
                0x00000000080013dc                . = ALIGN (0x4)
                [!provide]                        PROVIDE (__fini_array_start = .)
 *(SORT_BY_NAME(.fini_array.*))
 *(.fini_array*)
 .fini_array    0x00000000080013dc        0x4 c:/st/stm32cubeide_1.9.0/stm32cubeide/plugins/com.st.stm32cube.ide.mcu.externaltools.gnu-tools-for-stm32.10.3-2021.10.win32_1.0.0.202111181127/tools/bin/../lib/gcc/arm-none-eabi/10.3.1/thumb/v7e-m+fp/hard/crtbegin.o
                [!provide]                        PROVIDE (__fini_array_end = .)
                0x00000000080013e0                . = ALIGN (0x4)
                0x00000000080013e0                _sidata = LOADADDR (.data)

.data           0x0000000020000000      0x1c0 load address 0x00000000080013e0
                0x0000000020000000                . = ALIGN (0x4)
                0x0000000020000000                _sdata = .
 *(.data)
 *(.data*)
 .data.Filter_Bank
                0x0000000020000000       0xe0 ./Core/Src/CAN_program.o
                0x0000000020000000                Filter_Bank
 .data.Filter_Banks_Config
                0x00000000200000e0       0xe0 ./Core/Src/CAN_program.o
                0x00000000200000e0                Filter_Banks_Config
 *(.RamFunc)
 *(.RamFunc*)
                0x00000000200001c0                . = ALIGN (0x4)
                0x00000000200001c0                _edata = .

.igot.plt       0x00000000200001c0        0x0 load address 0x00000000080015a0
 .igot.plt      0x00000000200001c0        0x0 c:/st/stm32cubeide_1.9.0/stm32cubeide/plugins/com.st.stm32cube.ide.mcu.externaltools.gnu-tools-for-stm32.10.3-2021.10.win32_1.0.0.202111181127/tools/bin/../lib/gcc/arm-none-eabi/10.3.1/thumb/v7e-m+fp/hard/crtbegin.o
                0x00000000200001c0                . = ALIGN (0x4)

.bss            0x00000000200001c0       0x7c load address 0x00000000080015a0
                0x00000000200001c0                _sbss = .
                0x00000000200001c0                __bss_start__ = _sbss
 *(.bss)
 .bss           0x00000000200001c0       0x1c c:/st/stm32cubeide_1.9.0/stm32cubeide/plugins/com.st.stm32cube.ide.mcu.externaltools.gnu-tools-for-stm32.10.3-2021.10.win32_1.0.0.202111181127/tools/bin/../lib/gcc/arm-none-eabi/10.3.1/thumb/v7e-m+fp/hard/crtbegin.o
 *(.bss*)
 .bss.CAN1_TX_CallBack
                0x00000000200001dc        0x4 ./Core/Src/CAN_program.o
                0x00000000200001dc                CAN1_TX_CallBack
 .bss.CAN1_RX0_CallBack
                0x00000000200001e0        0x4 ./Core/Src/CAN_program.o
                0x00000000200001e0                CAN1_RX0_CallBack
 .bss.CAN1_RX1_CallBack
                0x00000000200001e4        0x4 ./Core/Src/CAN_program.o
                0x00000000200001e4                CAN1_RX1_CallBack
 .bss.CAN1_SCE_CallBack
                0x00000000200001e8        0x4 ./Core/Src/CAN_program.o
                0x00000000200001e8                CAN1_SCE_CallBack
 .bss.Global_pvEXTI0NotificationFunction
                0x00000000200001ec        0x4 ./Core/Src/EXTI_program.o
 .bss.intNum    0x00000000200001f0        0x4 ./Core/Src/NVIC_program.o
                0x00000000200001f0                intNum
 .bss.locGroup  0x00000000200001f4        0x4 ./Core/Src/NVIC_program.o
                0x00000000200001f4                locGroup
 .bss.i         0x00000000200001f8        0x4 ./Core/Src/NVIC_program.o
                0x00000000200001f8                i
 .bss.locSubGroup
                0x00000000200001fc        0x4 ./Core/Src/NVIC_program.o
                0x00000000200001fc                locSubGroup
 .bss.enRegOffset
                0x0000000020000200        0x4 ./Core/Src/NVIC_program.o
                0x0000000020000200                enRegOffset
 .bss.enBitOffset
                0x0000000020000204        0x4 ./Core/Src/NVIC_program.o
                0x0000000020000204                enBitOffset
 .bss.locGroupingField
                0x0000000020000208        0x4 ./Core/Src/NVIC_program.o
                0x0000000020000208                locGroupingField
 .bss.priRegOffset
                0x000000002000020c        0x4 ./Core/Src/NVIC_program.o
                0x000000002000020c                priRegOffset
 .bss.priBitOffset
                0x0000000020000210        0x4 ./Core/Src/NVIC_program.o
                0x0000000020000210                priBitOffset
 .bss.Global_STK_Callback
                0x0000000020000214        0x4 ./Core/Src/STK_program.o
 .bss.single_flag
                0x0000000020000218        0x1 ./Core/Src/STK_program.o
                0x0000000020000218                single_flag
 *fill*         0x0000000020000219        0x3 
 .bss.Timer3_CallBack
                0x000000002000021c        0x4 ./Core/Src/Timer_program.o
                0x000000002000021c                Timer3_CallBack
 .bss.USART1_CallBack
                0x0000000020000220        0x4 ./Core/Src/USART_program.o
                0x0000000020000220                USART1_CallBack
 .bss.USART3_CallBack
                0x0000000020000224        0x4 ./Core/Src/USART_program.o
                0x0000000020000224                USART3_CallBack
 .bss.UART4_CallBack
                0x0000000020000228        0x4 ./Core/Src/USART_program.o
                0x0000000020000228                UART4_CallBack
 .bss.UART5_CallBack
                0x000000002000022c        0x4 ./Core/Src/USART_program.o
                0x000000002000022c                UART5_CallBack
 .bss.USART6_CallBack
                0x0000000020000230        0x4 ./Core/Src/USART_program.o
                0x0000000020000230                USART6_CallBack
 .bss.DMA2_Stream5_CallBack
                0x0000000020000234        0x4 ./Core/Src/USART_program.o
                0x0000000020000234                DMA2_Stream5_CallBack
 .bss.DMA2_Stream7_CallBack
                0x0000000020000238        0x4 ./Core/Src/USART_program.o
                0x0000000020000238                DMA2_Stream7_CallBack
 *(COMMON)
                0x000000002000023c                . = ALIGN (0x4)
                0x000000002000023c                _ebss = .
                0x000000002000023c                __bss_end__ = _ebss

._user_heap_stack
                0x000000002000023c      0x604 load address 0x00000000080015a0
                0x0000000020000240                . = ALIGN (0x8)
 *fill*         0x000000002000023c        0x4 
                [!provide]                        PROVIDE (end = .)
                0x0000000020000240                PROVIDE (_end = .)
                0x0000000020000440                . = (. + _Min_Heap_Size)
 *fill*         0x0000000020000240      0x200 
                0x0000000020000840                . = (. + _Min_Stack_Size)
 *fill*         0x0000000020000440      0x400 
                0x0000000020000840                . = ALIGN (0x8)

/DISCARD/
 libc.a(*)
 libm.a(*)
 libgcc.a(*)

.ARM.attributes
                0x0000000000000000       0x30
 *(.ARM.attributes)
 .ARM.attributes
                0x0000000000000000       0x1e c:/st/stm32cubeide_1.9.0/stm32cubeide/plugins/com.st.stm32cube.ide.mcu.externaltools.gnu-tools-for-stm32.10.3-2021.10.win32_1.0.0.202111181127/tools/bin/../lib/gcc/arm-none-eabi/10.3.1/thumb/v7e-m+fp/hard/crti.o
 .ARM.attributes
                0x000000000000001e       0x34 c:/st/stm32cubeide_1.9.0/stm32cubeide/plugins/com.st.stm32cube.ide.mcu.externaltools.gnu-tools-for-stm32.10.3-2021.10.win32_1.0.0.202111181127/tools/bin/../lib/gcc/arm-none-eabi/10.3.1/thumb/v7e-m+fp/hard/crtbegin.o
 .ARM.attributes
                0x0000000000000052       0x34 ./Core/Src/CAN_program.o
 .ARM.attributes
                0x0000000000000086       0x34 ./Core/Src/EXTI_program.o
 .ARM.attributes
                0x00000000000000ba       0x34 ./Core/Src/GPIO_program.o
 .ARM.attributes
                0x00000000000000ee       0x34 ./Core/Src/NVIC_config.o
 .ARM.attributes
                0x0000000000000122       0x34 ./Core/Src/NVIC_program.o
 .ARM.attributes
                0x0000000000000156       0x34 ./Core/Src/RCC_Program.o
 .ARM.attributes
                0x000000000000018a       0x34 ./Core/Src/STK_program.o
 .ARM.attributes
                0x00000000000001be       0x34 ./Core/Src/Timer_program.o
 .ARM.attributes
                0x00000000000001f2       0x34 ./Core/Src/USART_program.o
 .ARM.attributes
                0x0000000000000226       0x34 ./Core/Src/main.o
 .ARM.attributes
                0x000000000000025a       0x34 ./Core/Src/system_stm32f4xx.o
 .ARM.attributes
                0x000000000000028e       0x21 ./Core/Startup/startup_stm32f446retx.o
 .ARM.attributes
                0x00000000000002af       0x34 c:/st/stm32cubeide_1.9.0/stm32cubeide/plugins/com.st.stm32cube.ide.mcu.externaltools.gnu-tools-for-stm32.10.3-2021.10.win32_1.0.0.202111181127/tools/bin/../lib/gcc/arm-none-eabi/10.3.1/../../../../arm-none-eabi/lib/thumb/v7e-m+fp/hard\libc_nano.a(lib_a-init.o)
 .ARM.attributes
                0x00000000000002e3       0x1e c:/st/stm32cubeide_1.9.0/stm32cubeide/plugins/com.st.stm32cube.ide.mcu.externaltools.gnu-tools-for-stm32.10.3-2021.10.win32_1.0.0.202111181127/tools/bin/../lib/gcc/arm-none-eabi/10.3.1/thumb/v7e-m+fp/hard/crtn.o
OUTPUT(nucleo.elf elf32-littlearm)
LOAD linker stubs
LOAD c:/st/stm32cubeide_1.9.0/stm32cubeide/plugins/com.st.stm32cube.ide.mcu.externaltools.gnu-tools-for-stm32.10.3-2021.10.win32_1.0.0.202111181127/tools/bin/../lib/gcc/arm-none-eabi/10.3.1/../../../../arm-none-eabi/lib/thumb/v7e-m+fp/hard\libc.a
LOAD c:/st/stm32cubeide_1.9.0/stm32cubeide/plugins/com.st.stm32cube.ide.mcu.externaltools.gnu-tools-for-stm32.10.3-2021.10.win32_1.0.0.202111181127/tools/bin/../lib/gcc/arm-none-eabi/10.3.1/../../../../arm-none-eabi/lib/thumb/v7e-m+fp/hard\libm.a
LOAD c:/st/stm32cubeide_1.9.0/stm32cubeide/plugins/com.st.stm32cube.ide.mcu.externaltools.gnu-tools-for-stm32.10.3-2021.10.win32_1.0.0.202111181127/tools/bin/../lib/gcc/arm-none-eabi/10.3.1/thumb/v7e-m+fp/hard\libgcc.a

.debug_info     0x0000000000000000     0x35f1
 .debug_info    0x0000000000000000      0xb40 ./Core/Src/CAN_program.o
 .debug_info    0x0000000000000b40      0x1f5 ./Core/Src/EXTI_program.o
 .debug_info    0x0000000000000d35      0x47f ./Core/Src/GPIO_program.o
 .debug_info    0x00000000000011b4      0x2fc ./Core/Src/NVIC_config.o
 .debug_info    0x00000000000014b0      0x3b4 ./Core/Src/NVIC_program.o
 .debug_info    0x0000000000001864       0xf5 ./Core/Src/RCC_Program.o
 .debug_info    0x0000000000001959      0x23c ./Core/Src/STK_program.o
 .debug_info    0x0000000000001b95      0x69b ./Core/Src/Timer_program.o
 .debug_info    0x0000000000002230      0x8fb ./Core/Src/USART_program.o
 .debug_info    0x0000000000002b2b      0x549 ./Core/Src/main.o
 .debug_info    0x0000000000003074      0x55b ./Core/Src/system_stm32f4xx.o
 .debug_info    0x00000000000035cf       0x22 ./Core/Startup/startup_stm32f446retx.o

.debug_abbrev   0x0000000000000000      0xc6e
 .debug_abbrev  0x0000000000000000      0x197 ./Core/Src/CAN_program.o
 .debug_abbrev  0x0000000000000197       0xf3 ./Core/Src/EXTI_program.o
 .debug_abbrev  0x000000000000028a       0xdd ./Core/Src/GPIO_program.o
 .debug_abbrev  0x0000000000000367       0xbc ./Core/Src/NVIC_config.o
 .debug_abbrev  0x0000000000000423       0xf1 ./Core/Src/NVIC_program.o
 .debug_abbrev  0x0000000000000514       0x78 ./Core/Src/RCC_Program.o
 .debug_abbrev  0x000000000000058c      0x14d ./Core/Src/STK_program.o
 .debug_abbrev  0x00000000000006d9      0x151 ./Core/Src/Timer_program.o
 .debug_abbrev  0x000000000000082a      0x1e8 ./Core/Src/USART_program.o
 .debug_abbrev  0x0000000000000a12      0x134 ./Core/Src/main.o
 .debug_abbrev  0x0000000000000b46      0x116 ./Core/Src/system_stm32f4xx.o
 .debug_abbrev  0x0000000000000c5c       0x12 ./Core/Startup/startup_stm32f446retx.o

.debug_aranges  0x0000000000000000      0x3b0
 .debug_aranges
                0x0000000000000000       0x70 ./Core/Src/CAN_program.o
 .debug_aranges
                0x0000000000000070       0x50 ./Core/Src/EXTI_program.o
 .debug_aranges
                0x00000000000000c0       0x48 ./Core/Src/GPIO_program.o
 .debug_aranges
                0x0000000000000108       0x18 ./Core/Src/NVIC_config.o
 .debug_aranges
                0x0000000000000120       0x20 ./Core/Src/NVIC_program.o
 .debug_aranges
                0x0000000000000140       0x30 ./Core/Src/RCC_Program.o
 .debug_aranges
                0x0000000000000170       0x70 ./Core/Src/STK_program.o
 .debug_aranges
                0x00000000000001e0       0x58 ./Core/Src/Timer_program.o
 .debug_aranges
                0x0000000000000238      0x108 ./Core/Src/USART_program.o
 .debug_aranges
                0x0000000000000340       0x20 ./Core/Src/main.o
 .debug_aranges
                0x0000000000000360       0x28 ./Core/Src/system_stm32f4xx.o
 .debug_aranges
                0x0000000000000388       0x28 ./Core/Startup/startup_stm32f446retx.o

.debug_ranges   0x0000000000000000      0x2f0
 .debug_ranges  0x0000000000000000       0x60 ./Core/Src/CAN_program.o
 .debug_ranges  0x0000000000000060       0x40 ./Core/Src/EXTI_program.o
 .debug_ranges  0x00000000000000a0       0x38 ./Core/Src/GPIO_program.o
 .debug_ranges  0x00000000000000d8       0x10 ./Core/Src/NVIC_program.o
 .debug_ranges  0x00000000000000e8       0x20 ./Core/Src/RCC_Program.o
 .debug_ranges  0x0000000000000108       0x60 ./Core/Src/STK_program.o
 .debug_ranges  0x0000000000000168       0x48 ./Core/Src/Timer_program.o
 .debug_ranges  0x00000000000001b0       0xf8 ./Core/Src/USART_program.o
 .debug_ranges  0x00000000000002a8       0x10 ./Core/Src/main.o
 .debug_ranges  0x00000000000002b8       0x18 ./Core/Src/system_stm32f4xx.o
 .debug_ranges  0x00000000000002d0       0x20 ./Core/Startup/startup_stm32f446retx.o

.debug_macro    0x0000000000000000     0x172c
 .debug_macro   0x0000000000000000       0x3f ./Core/Src/CAN_program.o
 .debug_macro   0x000000000000003f      0xa78 ./Core/Src/CAN_program.o
 .debug_macro   0x0000000000000ab7       0x7c ./Core/Src/CAN_program.o
 .debug_macro   0x0000000000000b33       0x2e ./Core/Src/CAN_program.o
 .debug_macro   0x0000000000000b61       0x40 ./Core/Src/CAN_program.o
 .debug_macro   0x0000000000000ba1       0x22 ./Core/Src/CAN_program.o
 .debug_macro   0x0000000000000bc3       0x49 ./Core/Src/EXTI_program.o
 .debug_macro   0x0000000000000c0c       0xa6 ./Core/Src/EXTI_program.o
 .debug_macro   0x0000000000000cb2       0x10 ./Core/Src/EXTI_program.o
 .debug_macro   0x0000000000000cc2       0x36 ./Core/Src/GPIO_program.o
 .debug_macro   0x0000000000000cf8       0xd0 ./Core/Src/GPIO_program.o
 .debug_macro   0x0000000000000dc8       0x48 ./Core/Src/NVIC_config.o
 .debug_macro   0x0000000000000e10       0x28 ./Core/Src/NVIC_config.o
 .debug_macro   0x0000000000000e38       0x1c ./Core/Src/NVIC_config.o
 .debug_macro   0x0000000000000e54       0x28 ./Core/Src/NVIC_config.o
 .debug_macro   0x0000000000000e7c       0x4a ./Core/Src/NVIC_program.o
 .debug_macro   0x0000000000000ec6       0x3e ./Core/Src/RCC_Program.o
 .debug_macro   0x0000000000000f04      0x190 ./Core/Src/RCC_Program.o
 .debug_macro   0x0000000000001094       0xfa ./Core/Src/RCC_Program.o
 .debug_macro   0x000000000000118e       0x10 ./Core/Src/RCC_Program.o
 .debug_macro   0x000000000000119e       0x51 ./Core/Src/STK_program.o
 .debug_macro   0x00000000000011ef       0x2e ./Core/Src/STK_program.o
 .debug_macro   0x000000000000121d       0x46 ./Core/Src/STK_program.o
 .debug_macro   0x0000000000001263       0x10 ./Core/Src/STK_program.o
 .debug_macro   0x0000000000001273       0x3f ./Core/Src/Timer_program.o
 .debug_macro   0x00000000000012b2       0x30 ./Core/Src/Timer_program.o
 .debug_macro   0x00000000000012e2       0x28 ./Core/Src/Timer_program.o
 .debug_macro   0x000000000000130a       0x3f ./Core/Src/USART_program.o
 .debug_macro   0x0000000000001349       0x34 ./Core/Src/USART_program.o
 .debug_macro   0x000000000000137d       0x65 ./Core/Src/main.o
 .debug_macro   0x00000000000013e2      0x190 ./Core/Src/main.o
 .debug_macro   0x0000000000001572      0x1ba ./Core/Src/system_stm32f4xx.o

.debug_line     0x0000000000000000     0x229e
 .debug_line    0x0000000000000000      0x84e ./Core/Src/CAN_program.o
 .debug_line    0x000000000000084e      0x164 ./Core/Src/EXTI_program.o
 .debug_line    0x00000000000009b2      0x3c2 ./Core/Src/GPIO_program.o
 .debug_line    0x0000000000000d74       0x9a ./Core/Src/NVIC_config.o
 .debug_line    0x0000000000000e0e      0x178 ./Core/Src/NVIC_program.o
 .debug_line    0x0000000000000f86      0x139 ./Core/Src/RCC_Program.o
 .debug_line    0x00000000000010bf      0x1f6 ./Core/Src/STK_program.o
 .debug_line    0x00000000000012b5      0x251 ./Core/Src/Timer_program.o
 .debug_line    0x0000000000001506      0x4e9 ./Core/Src/USART_program.o
 .debug_line    0x00000000000019ef      0x11f ./Core/Src/main.o
 .debug_line    0x0000000000001b0e      0x708 ./Core/Src/system_stm32f4xx.o
 .debug_line    0x0000000000002216       0x88 ./Core/Startup/startup_stm32f446retx.o

.debug_str      0x0000000000000000    0xc6d35
 .debug_str     0x0000000000000000     0x3dfc ./Core/Src/CAN_program.o
                                       0x3e6a (size before relaxing)
 .debug_str     0x0000000000003dfc      0x2f8 ./Core/Src/EXTI_program.o
                                       0x3237 (size before relaxing)
 .debug_str     0x00000000000040f4     0x1239 ./Core/Src/GPIO_program.o
                                       0x4173 (size before relaxing)
 .debug_str     0x000000000000532d      0x54a ./Core/Src/NVIC_config.o
                                       0x34d5 (size before relaxing)
 .debug_str     0x0000000000005877       0x99 ./Core/Src/NVIC_program.o
                                       0x3554 (size before relaxing)
 .debug_str     0x0000000000005910      0xbeb ./Core/Src/RCC_Program.o
                                       0x3b25 (size before relaxing)
 .debug_str     0x00000000000064fb      0x222 ./Core/Src/STK_program.o
                                       0x3166 (size before relaxing)
 .debug_str     0x000000000000671d      0xa12 ./Core/Src/Timer_program.o
                                       0x3964 (size before relaxing)
 .debug_str     0x000000000000712f      0xa1f ./Core/Src/USART_program.o
                                       0x399a (size before relaxing)
 .debug_str     0x0000000000007b4e       0x4c ./Core/Src/main.o
                                       0x41a0 (size before relaxing)
 .debug_str     0x0000000000007b9a    0xbf165 ./Core/Src/system_stm32f4xx.o
                                      0xc2098 (size before relaxing)
 .debug_str     0x00000000000c6cff       0x36 ./Core/Startup/startup_stm32f446retx.o
                                         0x60 (size before relaxing)

.comment        0x0000000000000000       0x50
 .comment       0x0000000000000000       0x50 ./Core/Src/CAN_program.o
                                         0x51 (size before relaxing)
 .comment       0x0000000000000050       0x51 ./Core/Src/EXTI_program.o
 .comment       0x0000000000000050       0x51 ./Core/Src/GPIO_program.o
 .comment       0x0000000000000050       0x51 ./Core/Src/NVIC_config.o
 .comment       0x0000000000000050       0x51 ./Core/Src/NVIC_program.o
 .comment       0x0000000000000050       0x51 ./Core/Src/RCC_Program.o
 .comment       0x0000000000000050       0x51 ./Core/Src/STK_program.o
 .comment       0x0000000000000050       0x51 ./Core/Src/Timer_program.o
 .comment       0x0000000000000050       0x51 ./Core/Src/USART_program.o
 .comment       0x0000000000000050       0x51 ./Core/Src/main.o
 .comment       0x0000000000000050       0x51 ./Core/Src/system_stm32f4xx.o

.debug_frame    0x0000000000000000      0xc10
 .debug_frame   0x0000000000000000      0x198 ./Core/Src/CAN_program.o
 .debug_frame   0x0000000000000198      0x114 ./Core/Src/EXTI_program.o
 .debug_frame   0x00000000000002ac      0x100 ./Core/Src/GPIO_program.o
 .debug_frame   0x00000000000003ac       0x30 ./Core/Src/NVIC_program.o
 .debug_frame   0x00000000000003dc       0x80 ./Core/Src/RCC_Program.o
 .debug_frame   0x000000000000045c      0x178 ./Core/Src/STK_program.o
 .debug_frame   0x00000000000005d4      0x144 ./Core/Src/Timer_program.o
 .debug_frame   0x0000000000000718      0x444 ./Core/Src/USART_program.o
 .debug_frame   0x0000000000000b5c       0x30 ./Core/Src/main.o
 .debug_frame   0x0000000000000b8c       0x58 ./Core/Src/system_stm32f4xx.o
 .debug_frame   0x0000000000000be4       0x2c c:/st/stm32cubeide_1.9.0/stm32cubeide/plugins/com.st.stm32cube.ide.mcu.externaltools.gnu-tools-for-stm32.10.3-2021.10.win32_1.0.0.202111181127/tools/bin/../lib/gcc/arm-none-eabi/10.3.1/../../../../arm-none-eabi/lib/thumb/v7e-m+fp/hard\libc_nano.a(lib_a-init.o)
