../Core/Src/Timer_program.c:23:6:TimerX_Count	16	static
../Core/Src/Timer_program.c:64:6:TimerX_ExternalCounterOnETR	16	static
../Core/Src/Timer_program.c:102:6:TimerX_PWM	16	static
../Core/Src/Timer_program.c:203:6:TimerX_EncoderMode	16	static
../Core/Src/Timer_program.c:232:6:TimerXChangeDutyCycleOfPWM	16	static
../Core/Src/Timer_program.c:257:5:TimerX_GetCount	16	static
../Core/Src/Timer_program.c:263:6:TimerX_ClearCounter	16	static
../Core/Src/Timer_program.c:268:6:TimerX_Clearflag	16	static
../Core/Src/Timer_program.c:274:6:Timer2_voidSetCallBack	16	static
../Core/Src/Timer_program.c:279:6:TIM2_IRQHandler	8	static
../Core/Src/Timer_program.c:285:6:Timer3_voidSetCallBack	16	static
../Core/Src/Timer_program.c:290:6:TIM3_IRQHandler	8	static
../Core/Src/Timer_program.c:296:6:Timer4_voidSetCallBack	16	static
../Core/Src/Timer_program.c:301:6:TIM4_IRQHandler	8	static
../Core/Src/Timer_program.c:307:6:Timer5_voidSetCallBack	16	static
../Core/Src/Timer_program.c:312:6:TIM5_IRQHandler	8	static
