../Src/CAN_program.c:15:6:CAN_voidInitialize	24	static
../Src/CAN_program.c:143:6:CAN_voidTransmit	32	static
../Src/CAN_program.c:345:6:CAN_voidReceive	24	static
../Src/CAN_program.c:421:6:CAN1_TX_voidSetCallBack	16	static
../Src/CAN_program.c:426:6:CAN1_TX_IRQHandler	8	static
../Src/CAN_program.c:431:6:CAN1_RX0_voidSetCallBack	16	static
../Src/CAN_program.c:436:6:CAN1_RX0_IRQHandler	8	static
../Src/CAN_program.c:441:6:CAN1_RX1_voidSetCallBack	16	static
../Src/CAN_program.c:446:6:CAN1_RX1_IRQHandler	8	static
../Src/CAN_program.c:451:6:CAN1_SCE_voidSetCallBack	16	static
../Src/CAN_program.c:456:6:CAN1_SCE_IRQHandler	8	static
