../Core/Src/USART_program.c:20:6:MUSART_voidInit	24	static
../Core/Src/USART_program.c:98:6:MSUART_voidInterrupt	24	static
../Core/Src/USART_program.c:112:4:MSUART_u8GetFlagTC	16	static
../Core/Src/USART_program.c:116:4:MSUART_u8GetFlagRxNE	16	static
../Core/Src/USART_program.c:120:4:MSUART_u8GetFlagTxE	16	static
../Core/Src/USART_program.c:124:4:MSUART_u8GetFlagIdle	16	static
../Core/Src/USART_program.c:131:6:MUSART_VidClearFlags	16	static
../Core/Src/USART_program.c:142:4:MSUART_u8ReadDataRegister	16	static
../Core/Src/USART_program.c:146:6:MSUART_voidLoadDataRegister	16	static
../Core/Src/USART_program.c:152:4:MSUART_u8ReceiveWait	16	static
../Core/Src/USART_program.c:157:6:MSUART_voidTransmitCharWait	16	static
../Core/Src/USART_program.c:162:6:MSUART_voidTransmitStringArrayWait	24	static
../Core/Src/USART_program.c:174:6:MUSART1_voidSetCallBack	16	static
../Core/Src/USART_program.c:179:6:USART1_IRQHandler	8	static
../Core/Src/USART_program.c:184:6:MUSART2_voidSetCallBack	16	static
../Core/Src/USART_program.c:188:6:MUSART2_IRQHandler	8	static
../Core/Src/USART_program.c:193:6:MUSART3_voidSetCallBack	16	static
../Core/Src/USART_program.c:198:6:USART3_IRQHandler	8	static
../Core/Src/USART_program.c:203:6:MUART4_voidSetCallBack	16	static
../Core/Src/USART_program.c:208:6:UART4_IRQHandler	8	static
../Core/Src/USART_program.c:213:6:MUART5_voidSetCallBack	16	static
../Core/Src/USART_program.c:218:6:UART5_IRQHandler	8	static
../Core/Src/USART_program.c:223:6:MUSART6_voidSetCallBack	16	static
../Core/Src/USART_program.c:228:6:USART6_IRQHandler	8	static
../Core/Src/USART_program.c:233:6:DMA2_Stream5_voidSetCallBack	16	static
../Core/Src/USART_program.c:237:6:DMA2_Stream5_IRQHandler	8	static
../Core/Src/USART_program.c:242:6:DMA2_Stream7_voidSetCallBack	16	static
../Core/Src/USART_program.c:246:6:DMA2_Stream7_IRQHandler	8	static
../Core/Src/USART_program.c:253:6:MSUART1_void_TX_DMA_Config	4	static
../Core/Src/USART_program.c:298:6:MSUART1_void_RX_DMA_Config	4	static
../Core/Src/USART_program.c:342:6:UART1_RX_DMA_CALLBACK	16	static
