../Core/Src/CAN_program.c:15:6:CAN_voidInitialize	24	static
../Core/Src/CAN_program.c:149:6:CAN_voidTransmit	32	static
../Core/Src/CAN_program.c:351:6:CAN_voidReceive	24	static
../Core/Src/CAN_program.c:452:6:CAN1_TX_voidSetCallBack	16	static
../Core/Src/CAN_program.c:457:6:CAN1_TX_IRQHandler	8	static
../Core/Src/CAN_program.c:462:6:CAN1_RX0_voidSetCallBack	16	static
../Core/Src/CAN_program.c:467:6:CAN1_RX0_IRQHandler	8	static
../Core/Src/CAN_program.c:472:6:CAN1_RX1_voidSetCallBack	16	static
../Core/Src/CAN_program.c:477:6:CAN1_RX1_IRQHandler	8	static
../Core/Src/CAN_program.c:482:6:CAN1_SCE_voidSetCallBack	16	static
../Core/Src/CAN_program.c:487:6:CAN1_SCE_IRQHandler	8	static
