../Core/Src/CAN_program.c:14:6:CAN_InitInterrupt	16	static
../Core/Src/CAN_program.c:20:6:CAN_voidInitialize	24	static
../Core/Src/CAN_program.c:154:6:CAN_voidTransmit	32	static
../Core/Src/CAN_program.c:356:6:CAN_voidReceive	24	static
../Core/Src/CAN_program.c:459:6:CAN1_TX_voidSetCallBack	16	static
../Core/Src/CAN_program.c:464:6:CAN1_TX_IRQHandler	8	static
../Core/Src/CAN_program.c:469:6:CAN1_RX0_voidSetCallBack	16	static
../Core/Src/CAN_program.c:474:6:CAN1_RX0_IRQHandler	8	static
../Core/Src/CAN_program.c:479:6:CAN1_RX1_voidSetCallBack	16	static
../Core/Src/CAN_program.c:484:6:CAN1_RX1_IRQHandler	8	static
../Core/Src/CAN_program.c:489:6:CAN1_SCE_voidSetCallBack	16	static
../Core/Src/CAN_program.c:494:6:CAN1_SCE_IRQHandler	8	static
