../Core/Src/STK_program.c:17:6:mSTK_vidInit	4	static
../Core/Src/STK_program.c:37:6:mSTK_StartTimer	4	static
../Core/Src/STK_program.c:42:6:mSTK_StopTimer	4	static
../Core/Src/STK_program.c:49:6:mSTK_EnableInterrupt	4	static
../Core/Src/STK_program.c:53:6:mSTK_DisableInterrupt	4	static
../Core/Src/STK_program.c:59:6:mSTK_SetInterval_Single	16	static
../Core/Src/STK_program.c:73:6:mSTK_SetInterval_Periodic	16	static
../Core/Src/STK_program.c:86:6:mSTK_SetBusyWait	24	static
../Core/Src/STK_program.c:99:5:mSTK_GetRamainingTime	4	static
../Core/Src/STK_program.c:104:5:mSTK_GetElapsedTime	4	static
../Core/Src/STK_program.c:109:6:SysTick_Handler	8	static
