../Core/Src/USART_program.c:20:6:MUSART_voidInit	24	static
../Core/Src/USART_program.c:99:6:MSUART_voidInterrupt	24	static
../Core/Src/USART_program.c:113:4:MSUART_u8GetFlagTC	16	static
../Core/Src/USART_program.c:117:4:MSUART_u8GetFlagRxNE	16	static
../Core/Src/USART_program.c:121:4:MSUART_u8GetFlagTxE	16	static
../Core/Src/USART_program.c:125:4:MSUART_u8GetFlagIdle	16	static
../Core/Src/USART_program.c:132:6:MUSART_VidClearFlags	16	static
../Core/Src/USART_program.c:143:4:MSUART_u8ReadDataRegister	16	static
../Core/Src/USART_program.c:147:6:MSUART_voidLoadDataRegister	16	static
../Core/Src/USART_program.c:153:4:MSUART_u8ReceiveWait	16	static
../Core/Src/USART_program.c:158:6:MSUART_voidTransmitCharWait	16	static
../Core/Src/USART_program.c:163:6:MSUART_voidTransmitStringArrayWait	24	static
../Core/Src/USART_program.c:175:6:MUSART1_voidSetCallBack	16	static
../Core/Src/USART_program.c:180:6:USART1_IRQHandler	8	static
../Core/Src/USART_program.c:185:6:MUSART2_voidSetCallBack	16	static
../Core/Src/USART_program.c:189:6:MUSART2_IRQHandler	8	static
../Core/Src/USART_program.c:194:6:MUSART3_voidSetCallBack	16	static
../Core/Src/USART_program.c:199:6:USART3_IRQHandler	8	static
../Core/Src/USART_program.c:204:6:MUART4_voidSetCallBack	16	static
../Core/Src/USART_program.c:209:6:UART4_IRQHandler	8	static
../Core/Src/USART_program.c:214:6:MUART5_voidSetCallBack	16	static
../Core/Src/USART_program.c:219:6:UART5_IRQHandler	8	static
../Core/Src/USART_program.c:224:6:MUSART6_voidSetCallBack	16	static
../Core/Src/USART_program.c:229:6:USART6_IRQHandler	8	static
../Core/Src/USART_program.c:234:6:DMA2_Stream5_voidSetCallBack	16	static
../Core/Src/USART_program.c:238:6:DMA2_Stream5_IRQHandler	8	static
../Core/Src/USART_program.c:243:6:DMA2_Stream7_voidSetCallBack	16	static
../Core/Src/USART_program.c:247:6:DMA2_Stream7_IRQHandler	8	static
../Core/Src/USART_program.c:253:6:MSUART1_void_TX_DMA_Config	4	static
../Core/Src/USART_program.c:296:6:MSUART1_void_RX_DMA_Config	4	static
