Archive member included to satisfy reference by file (symbol)

c:/st/stm32cubeide_1.9.0/stm32cubeide/plugins/com.st.stm32cube.ide.mcu.externaltools.gnu-tools-for-stm32.10.3-2021.10.win32_1.0.0.202111181127/tools/bin/../lib/gcc/arm-none-eabi/10.3.1/../../../../arm-none-eabi/lib/thumb/v7e-m+fp/hard\libc_nano.a(lib_a-errno.o)
                              ./Core/Src/syscalls.o (__errno)
c:/st/stm32cubeide_1.9.0/stm32cubeide/plugins/com.st.stm32cube.ide.mcu.externaltools.gnu-tools-for-stm32.10.3-2021.10.win32_1.0.0.202111181127/tools/bin/../lib/gcc/arm-none-eabi/10.3.1/../../../../arm-none-eabi/lib/thumb/v7e-m+fp/hard\libc_nano.a(lib_a-exit.o)
                              c:/st/stm32cubeide_1.9.0/stm32cubeide/plugins/com.st.stm32cube.ide.mcu.externaltools.gnu-tools-for-stm32.10.3-2021.10.win32_1.0.0.202111181127/tools/bin/../lib/gcc/arm-none-eabi/10.3.1/../../../../arm-none-eabi/lib/thumb/v7e-m+fp/hard/crt0.o (exit)
c:/st/stm32cubeide_1.9.0/stm32cubeide/plugins/com.st.stm32cube.ide.mcu.externaltools.gnu-tools-for-stm32.10.3-2021.10.win32_1.0.0.202111181127/tools/bin/../lib/gcc/arm-none-eabi/10.3.1/../../../../arm-none-eabi/lib/thumb/v7e-m+fp/hard\libc_nano.a(lib_a-impure.o)
                              c:/st/stm32cubeide_1.9.0/stm32cubeide/plugins/com.st.stm32cube.ide.mcu.externaltools.gnu-tools-for-stm32.10.3-2021.10.win32_1.0.0.202111181127/tools/bin/../lib/gcc/arm-none-eabi/10.3.1/../../../../arm-none-eabi/lib/thumb/v7e-m+fp/hard\libc_nano.a(lib_a-exit.o) (_global_impure_ptr)
c:/st/stm32cubeide_1.9.0/stm32cubeide/plugins/com.st.stm32cube.ide.mcu.externaltools.gnu-tools-for-stm32.10.3-2021.10.win32_1.0.0.202111181127/tools/bin/../lib/gcc/arm-none-eabi/10.3.1/../../../../arm-none-eabi/lib/thumb/v7e-m+fp/hard\libc_nano.a(lib_a-init.o)
                              c:/st/stm32cubeide_1.9.0/stm32cubeide/plugins/com.st.stm32cube.ide.mcu.externaltools.gnu-tools-for-stm32.10.3-2021.10.win32_1.0.0.202111181127/tools/bin/../lib/gcc/arm-none-eabi/10.3.1/../../../../arm-none-eabi/lib/thumb/v7e-m+fp/hard/crt0.o (__libc_init_array)
c:/st/stm32cubeide_1.9.0/stm32cubeide/plugins/com.st.stm32cube.ide.mcu.externaltools.gnu-tools-for-stm32.10.3-2021.10.win32_1.0.0.202111181127/tools/bin/../lib/gcc/arm-none-eabi/10.3.1/../../../../arm-none-eabi/lib/thumb/v7e-m+fp/hard\libc_nano.a(lib_a-memset.o)
                              c:/st/stm32cubeide_1.9.0/stm32cubeide/plugins/com.st.stm32cube.ide.mcu.externaltools.gnu-tools-for-stm32.10.3-2021.10.win32_1.0.0.202111181127/tools/bin/../lib/gcc/arm-none-eabi/10.3.1/../../../../arm-none-eabi/lib/thumb/v7e-m+fp/hard/crt0.o (memset)
c:/st/stm32cubeide_1.9.0/stm32cubeide/plugins/com.st.stm32cube.ide.mcu.externaltools.gnu-tools-for-stm32.10.3-2021.10.win32_1.0.0.202111181127/tools/bin/../lib/gcc/arm-none-eabi/10.3.1/thumb/v7e-m+fp/hard\libgcc.a(_arm_muldf3.o)
                              ./Core/Src/main.o (__aeabi_dmul)
c:/st/stm32cubeide_1.9.0/stm32cubeide/plugins/com.st.stm32cube.ide.mcu.externaltools.gnu-tools-for-stm32.10.3-2021.10.win32_1.0.0.202111181127/tools/bin/../lib/gcc/arm-none-eabi/10.3.1/thumb/v7e-m+fp/hard\libgcc.a(_arm_addsubdf3.o)
                              ./Core/Src/main.o (__aeabi_i2d)
c:/st/stm32cubeide_1.9.0/stm32cubeide/plugins/com.st.stm32cube.ide.mcu.externaltools.gnu-tools-for-stm32.10.3-2021.10.win32_1.0.0.202111181127/tools/bin/../lib/gcc/arm-none-eabi/10.3.1/thumb/v7e-m+fp/hard\libgcc.a(_arm_muldivdf3.o)
                              ./Core/Src/main.o (__aeabi_ddiv)
c:/st/stm32cubeide_1.9.0/stm32cubeide/plugins/com.st.stm32cube.ide.mcu.externaltools.gnu-tools-for-stm32.10.3-2021.10.win32_1.0.0.202111181127/tools/bin/../lib/gcc/arm-none-eabi/10.3.1/thumb/v7e-m+fp/hard\libgcc.a(_aeabi_ldivmod.o)
                              ./Drivers/STM32F4xx_HAL_Driver/Src/stm32f4xx_hal_rcc.o (__aeabi_ldivmod)
c:/st/stm32cubeide_1.9.0/stm32cubeide/plugins/com.st.stm32cube.ide.mcu.externaltools.gnu-tools-for-stm32.10.3-2021.10.win32_1.0.0.202111181127/tools/bin/../lib/gcc/arm-none-eabi/10.3.1/thumb/v7e-m+fp/hard\libgcc.a(_aeabi_uldivmod.o)
                              ./Drivers/STM32F4xx_HAL_Driver/Src/stm32f4xx_hal_rcc.o (__aeabi_uldivmod)
c:/st/stm32cubeide_1.9.0/stm32cubeide/plugins/com.st.stm32cube.ide.mcu.externaltools.gnu-tools-for-stm32.10.3-2021.10.win32_1.0.0.202111181127/tools/bin/../lib/gcc/arm-none-eabi/10.3.1/thumb/v7e-m+fp/hard\libgcc.a(_udivmoddi4.o)
                              c:/st/stm32cubeide_1.9.0/stm32cubeide/plugins/com.st.stm32cube.ide.mcu.externaltools.gnu-tools-for-stm32.10.3-2021.10.win32_1.0.0.202111181127/tools/bin/../lib/gcc/arm-none-eabi/10.3.1/thumb/v7e-m+fp/hard\libgcc.a(_aeabi_ldivmod.o) (__udivmoddi4)
c:/st/stm32cubeide_1.9.0/stm32cubeide/plugins/com.st.stm32cube.ide.mcu.externaltools.gnu-tools-for-stm32.10.3-2021.10.win32_1.0.0.202111181127/tools/bin/../lib/gcc/arm-none-eabi/10.3.1/thumb/v7e-m+fp/hard\libgcc.a(_dvmd_tls.o)
[...]
Memory Configuration

Name             Origin             Length             Attributes
RAM              0x0000000020000000 0x0000000000020000 xrw
FLASH            0x0000000008000000 0x0000000000080000 xr
*default*        0x0000000000000000 0xffffffffffffffff

Linker script and memory map

LOAD c:/st/stm32cubeide_1.9.0/stm32cubeide/plugins/com.st.stm32cube.ide.mcu.externaltools.gnu-tools-for-stm32.10.3-2021.10.win32_1.0.0.202111181127/tools/bin/../lib/gcc/arm-none-eabi/10.3.1/thumb/v7e-m+fp/hard/crti.o
LOAD c:/st/stm32cubeide_1.9.0/stm32cubeide/plugins/com.st.stm32cube.ide.mcu.externaltools.gnu-tools-for-stm32.10.3-2021.10.win32_1.0.0.202111181127/tools/bin/../lib/gcc/arm-none-eabi/10.3.1/thumb/v7e-m+fp/hard/crtbegin.o
LOAD c:/st/stm32cubeide_1.9.0/stm32cubeide/plugins/com.st.stm32cube.ide.mcu.externaltools.gnu-tools-for-stm32.10.3-2021.10.win32_1.0.0.202111181127/tools/bin/../lib/gcc/arm-none-eabi/10.3.1/../../../../arm-none-eabi/lib/thumb/v7e-m+fp/hard/crt0.o
LOAD ./Core/Src/EXTI_program.o
LOAD ./Core/Src/GPIO_program.o
LOAD ./Core/Src/NVIC_config.o
LOAD ./Core/Src/NVIC_program.o
LOAD ./Core/Src/RCC_Program.o
LOAD ./Core/Src/Timer_program.o
LOAD ./Core/Src/USART_program.o
LOAD ./Core/Src/main.o
LOAD ./Core/Src/stm32f4xx_hal_msp.o
LOAD ./Core/Src/stm32f4xx_it.o
LOAD ./Core/Src/syscalls.o
LOAD ./Core/Src/sysmem.o
LOAD ./Core/Src/system_stm32f4xx.o
LOAD ./Core/Startup/startup_stm32f446retx.o
LOAD ./Drivers/STM32F4xx_HAL_Driver/Src/stm32f4xx_hal.o
LOAD ./Drivers/STM32F4xx_HAL_Driver/Src/stm32f4xx_hal_cortex.o
LOAD ./Drivers/STM32F4xx_HAL_Driver/Src/stm32f4xx_hal_dma.o
LOAD ./Drivers/STM32F4xx_HAL_Driver/Src/stm32f4xx_hal_dma_ex.o
LOAD ./Drivers/STM32F4xx_HAL_Driver/Src/stm32f4xx_hal_exti.o
LOAD ./Drivers/STM32F4xx_HAL_Driver/Src/stm32f4xx_hal_flash.o
LOAD ./Drivers/STM32F4xx_HAL_Driver/Src/stm32f4xx_hal_flash_ex.o
LOAD ./Drivers/STM32F4xx_HAL_Driver/Src/stm32f4xx_hal_flash_ramfunc.o
LOAD ./Drivers/STM32F4xx_HAL_Driver/Src/stm32f4xx_hal_gpio.o
LOAD ./Drivers/STM32F4xx_HAL_Driver/Src/stm32f4xx_hal_pwr.o
LOAD ./Drivers/STM32F4xx_HAL_Driver/Src/stm32f4xx_hal_pwr_ex.o
LOAD ./Drivers/STM32F4xx_HAL_Driver/Src/stm32f4xx_hal_rcc.o
LOAD ./Drivers/STM32F4xx_HAL_Driver/Src/stm32f4xx_hal_rcc_ex.o
LOAD ./Drivers/STM32F4xx_HAL_Driver/Src/stm32f4xx_hal_tim.o
LOAD ./Drivers/STM32F4xx_HAL_Driver/Src/stm32f4xx_hal_tim_ex.o
LOAD ./Drivers/STM32F4xx_HAL_Driver/Src/stm32f4xx_hal_uart.o
START GROUP
LOAD c:/st/stm32cubeide_1.9.0/stm32cubeide/plugins/com.st.stm32cube.ide.mcu.externaltools.gnu-tools-for-stm32.10.3-2021.10.win32_1.0.0.202111181127/tools/bin/../lib/gcc/arm-none-eabi/10.3.1/../../../../arm-none-eabi/lib/thumb/v7e-m+fp/hard\libc_nano.a
LOAD c:/st/stm32cubeide_1.9.0/stm32cubeide/plugins/com.st.stm32cube.ide.mcu.externaltools.gnu-tools-for-stm32.10.3-2021.10.win32_1.0.0.202111181127/tools/bin/../lib/gcc/arm-none-eabi/10.3.1/../../../../arm-none-eabi/lib/thumb/v7e-m+fp/hard\libm.a
END GROUP
START GROUP
LOAD c:/st/stm32cubeide_1.9.0/stm32cubeide/plugins/com.st.stm32cube.ide.mcu.externaltools.gnu-tools-for-stm32.10.3-2021.10.win32_1.0.0.202111181127/tools/bin/../lib/gcc/arm-none-eabi/10.3.1/thumb/v7e-m+fp/hard\libgcc.a
LOAD c:/st/stm32cubeide_1.9.0/stm32cubeide/plugins/com.st.stm32cube.ide.mcu.externaltools.gnu-tools-for-stm32.10.3-2021.10.win32_1.0.0.202111181127/tools/bin/../lib/gcc/arm-none-eabi/10.3.1/../../../../arm-none-eabi/lib/thumb/v7e-m+fp/hard\libc_nano.a
END GROUP
START GROUP
LOAD c:/st/stm32cubeide_1.9.0/stm32cubeide/plugins/com.st.stm32cube.ide.mcu.externaltools.gnu-tools-for-stm32.10.3-2021.10.win32_1.0.0.202111181127/tools/bin/../lib/gcc/arm-none-eabi/10.3.1/thumb/v7e-m+fp/hard\libgcc.a
LOAD c:/st/stm32cubeide_1.9.0/stm32cubeide/plugins/com.st.stm32cube.ide.mcu.externaltools.gnu-tools-for-stm32.10.3-2021.10.win32_1.0.0.202111181127/tools/bin/../lib/gcc/arm-none-eabi/10.3.1/../../../../arm-none-eabi/lib/thumb/v7e-m+fp/hard\libc_nano.a
LOAD c:/st/stm32cubeide_1.9.0/stm32cubeide/plugins/com.st.stm32cube.ide.mcu.externaltools.gnu-tools-for-stm32.10.3-2021.10.win32_1.0.0.202111181127/tools/bin/../lib/gcc/arm-none-eabi/10.3.1/../../../../arm-none-eabi/lib/thumb/v7e-m+fp/hard\libnosys.a
END GROUP
START GROUP
LOAD c:/st/stm32cubeide_1.9.0/stm32cubeide/plugins/com.st.stm32cube.ide.mcu.externaltools.gnu-tools-for-stm32.10.3-2021.10.win32_1.0.0.202111181127/tools/bin/../lib/gcc/arm-none-eabi/10.3.1/thumb/v7e-m+fp/hard\libgcc.a
LOAD c:/st/stm32cubeide_1.9.0/stm32cubeide/plugins/com.st.stm32cube.ide.mcu.externaltools.gnu-tools-for-stm32.10.3-2021.10.win32_1.0.0.202111181127/tools/bin/../lib/gcc/arm-none-eabi/10.3.1/../../../../arm-none-eabi/lib/thumb/v7e-m+fp/hard\libc_nano.a
LOAD c:/st/stm32cubeide_1.9.0/stm32cubeide/plugins/com.st.stm32cube.ide.mcu.externaltools.gnu-tools-for-stm32.10.3-2021.10.win32_1.0.0.202111181127/tools/bin/../lib/gcc/arm-none-eabi/10.3.1/../../../../arm-none-eabi/lib/thumb/v7e-m+fp/hard\libnosys.a
END GROUP
LOAD c:/st/stm32cubeide_1.9.0/stm32cubeide/plugins/com.st.stm32cube.ide.mcu.externaltools.gnu-tools-for-stm32.10.3-2021.10.win32_1.0.0.202111181127/tools/bin/../lib/gcc/arm-none-eabi/10.3.1/thumb/v7e-m+fp/hard/crtend.o
LOAD c:/st/stm32cubeide_1.9.0/stm32cubeide/plugins/com.st.stm32cube.ide.mcu.externaltools.gnu-tools-for-stm32.10.3-2021.10.win32_1.0.0.202111181127/tools/bin/../lib/gcc/arm-none-eabi/10.3.1/thumb/v7e-m+fp/hard/crtn.o
                0x0000000020020000                _estack = (ORIGIN (RAM) + LENGTH (RAM))
                0x0000000000000200                _Min_Heap_Size = 0x200
                0x0000000000000400                _Min_Stack_Size = 0x400

.isr_vector     0x0000000008000000      0x1c4
                0x0000000008000000                . = ALIGN (0x4)
 *(.isr_vector)
 .isr_vector    0x0000000008000000      0x1c4 ./Core/Startup/startup_stm32f446retx.o
                0x0000000008000000                g_pfnVectors
                0x00000000080001c4                . = ALIGN (0x4)

.text           0x00000000080001c8     0x153c
                0x00000000080001c8                . = ALIGN (0x4)
 *(.text)
 .text          0x00000000080001c8       0x40 c:/st/stm32cubeide_1.9.0/stm32cubeide/plugins/com.st.stm32cube.ide.mcu.externaltools.gnu-tools-for-stm32.10.3-2021.10.win32_1.0.0.202111181127/tools/bin/../lib/gcc/arm-none-eabi/10.3.1/thumb/v7e-m+fp/hard/crtbegin.o
 .text          0x0000000008000208      0x378 c:/st/stm32cubeide_1.9.0/stm32cubeide/plugins/com.st.stm32cube.ide.mcu.externaltools.gnu-tools-for-stm32.10.3-2021.10.win32_1.0.0.202111181127/tools/bin/../lib/gcc/arm-none-eabi/10.3.1/thumb/v7e-m+fp/hard\libgcc.a(_arm_addsubdf3.o)
                0x0000000008000208                __aeabi_drsub
                0x0000000008000210                __aeabi_dsub
                0x0000000008000210                __subdf3
                0x0000000008000214                __aeabi_dadd
                0x0000000008000214                __adddf3
                0x000000000800048c                __floatunsidf
                0x000000000800048c                __aeabi_ui2d
                0x00000000080004ac                __floatsidf
                0x00000000080004ac                __aeabi_i2d
                0x00000000080004d0                __aeabi_f2d
                0x00000000080004d0                __extendsfdf2
                0x0000000008000514                __floatundidf
                0x0000000008000514                __aeabi_ul2d
                0x0000000008000524                __floatdidf
                0x0000000008000524                __aeabi_l2d
 .text          0x0000000008000580      0x424 c:/st/stm32cubeide_1.9.0/stm32cubeide/plugins/com.st.stm32cube.ide.mcu.externaltools.gnu-tools-for-stm32.10.3-2021.10.win32_1.0.0.202111181127/tools/bin/../lib/gcc/arm-none-eabi/10.3.1/thumb/v7e-m+fp/hard\libgcc.a(_arm_muldivdf3.o)
                0x0000000008000580                __aeabi_dmul
                0x0000000008000580                __muldf3
                0x00000000080007d4                __divdf3
                0x00000000080007d4                __aeabi_ddiv
 *(.text*)
 .text.EXTI0_IRQHandler
                0x00000000080009a4       0x10 ./Core/Src/EXTI_program.o
                0x00000000080009a4                EXTI0_IRQHandler
 .text.GPIO_voidSetPinDirection
                0x00000000080009b4      0x258 ./Core/Src/GPIO_program.o
                0x00000000080009b4                GPIO_voidSetPinDirection
 .text.GPIO_voidSetPinValue
                0x0000000008000c0c       0x70 ./Core/Src/GPIO_program.o
                0x0000000008000c0c                GPIO_voidSetPinValue
 .text.GPIO_voidSetAlternatingFunction
                0x0000000008000c7c       0xd4 ./Core/Src/GPIO_program.o
                0x0000000008000c7c                GPIO_voidSetAlternatingFunction
 .text.NVIC_Init
                0x0000000008000d50       0xcc ./Core/Src/NVIC_program.o
                0x0000000008000d50                NVIC_Init
 .text.RCC_voidInitSystemClock
                0x0000000008000e1c       0x28 ./Core/Src/RCC_Program.o
                0x0000000008000e1c                RCC_voidInitSystemClock
 .text.RCC_voidEnableCompClk
                0x0000000008000e44       0x7c ./Core/Src/RCC_Program.o
                0x0000000008000e44                RCC_voidEnableCompClk
 .text.TimerX_Count
                0x0000000008000ec0       0x7c ./Core/Src/Timer_program.o
                0x0000000008000ec0                TimerX_Count
 .text.TimerX_PWM
                0x0000000008000f3c      0x16c ./Core/Src/Timer_program.o
                0x0000000008000f3c                TimerX_PWM
 .text.TimerX_EncoderMode
                0x00000000080010a8       0x84 ./Core/Src/Timer_program.o
                0x00000000080010a8                TimerX_EncoderMode
 .text.TimerX_GetCount
                0x000000000800112c       0x10 ./Core/Src/Timer_program.o
                0x000000000800112c                TimerX_GetCount
 .text.TimerX_ClearCounter
                0x000000000800113c       0x10 ./Core/Src/Timer_program.o
                0x000000000800113c                TimerX_ClearCounter
 .text.TimerX_Clearflag
                0x000000000800114c       0x14 ./Core/Src/Timer_program.o
                0x000000000800114c                TimerX_Clearflag
 .text.TIM2_IRQHandler
                0x0000000008001160       0x18 ./Core/Src/Timer_program.o
                0x0000000008001160                TIM2_IRQHandler
 .text.TIM3_IRQHandler
                0x0000000008001178       0x18 ./Core/Src/Timer_program.o
                0x0000000008001178                TIM3_IRQHandler
 .text.TIM4_IRQHandler
                0x0000000008001190       0x18 ./Core/Src/Timer_program.o
                0x0000000008001190                TIM4_IRQHandler
 .text.Timer5_voidSetCallBack
                0x00000000080011a8        0xc ./Core/Src/Timer_program.o
                0x00000000080011a8                Timer5_voidSetCallBack
 .text.TIM5_IRQHandler
                0x00000000080011b4       0x18 ./Core/Src/Timer_program.o
                0x00000000080011b4                TIM5_IRQHandler
 .text.MUSART_voidInit
                0x00000000080011cc       0xd0 ./Core/Src/USART_program.o
                0x00000000080011cc                MUSART_voidInit
 .text.MSUART_voidInterrupt
                0x000000000800129c       0x38 ./Core/Src/USART_program.o
                0x000000000800129c                MSUART_voidInterrupt
 .text.MSUART_u8ReadDataRegister
                0x00000000080012d4       0x10 ./Core/Src/USART_program.o
                0x00000000080012d4                MSUART_u8ReadDataRegister
 .text.USART1_IRQHandler
                0x00000000080012e4        0xc ./Core/Src/USART_program.o
                0x00000000080012e4                USART1_IRQHandler
 .text.MUSART3_voidSetCallBack
                0x00000000080012f0        0xc ./Core/Src/USART_program.o
                0x00000000080012f0                MUSART3_voidSetCallBack
 .text.USART3_IRQHandler
                0x00000000080012fc        0xc ./Core/Src/USART_program.o
                0x00000000080012fc                USART3_IRQHandler
 .text.UART4_IRQHandler
                0x0000000008001308        0xc ./Core/Src/USART_program.o
                0x0000000008001308                UART4_IRQHandler
 .text.UART5_IRQHandler
                0x0000000008001314        0xc ./Core/Src/USART_program.o
                0x0000000008001314                UART5_IRQHandler
 .text.USART6_IRQHandler
                0x0000000008001320        0xc ./Core/Src/USART_program.o
                0x0000000008001320                USART6_IRQHandler
 .text.DMA2_Stream5_IRQHandler
                0x000000000800132c        0xc ./Core/Src/USART_program.o
                0x000000000800132c                DMA2_Stream5_IRQHandler
 .text.DMA2_Stream7_IRQHandler
                0x0000000008001338        0xc ./Core/Src/USART_program.o
                0x0000000008001338                DMA2_Stream7_IRQHandler
 *fill*         0x0000000008001344        0x4 
 .text.readEncoder
                0x0000000008001348       0xd0 ./Core/Src/main.o
                0x0000000008001348                readEncoder
 .text.getVelocity
                0x0000000008001418       0x20 ./Core/Src/main.o
                0x0000000008001418                getVelocity
 .text.startup.main
                0x0000000008001438      0x1d0 ./Core/Src/main.o
                0x0000000008001438                main
 .text.NMI_Handler
                0x0000000008001608        0x2 ./Core/Src/stm32f4xx_it.o
                0x0000000008001608                NMI_Handler
 .text.HardFault_Handler
                0x000000000800160a        0x2 ./Core/Src/stm32f4xx_it.o
                0x000000000800160a                HardFault_Handler
 .text.MemManage_Handler
                0x000000000800160c        0x2 ./Core/Src/stm32f4xx_it.o
                0x000000000800160c                MemManage_Handler
 .text.BusFault_Handler
                0x000000000800160e        0x2 ./Core/Src/stm32f4xx_it.o
                0x000000000800160e                BusFault_Handler
 .text.UsageFault_Handler
                0x0000000008001610        0x2 ./Core/Src/stm32f4xx_it.o
                0x0000000008001610                UsageFault_Handler
 .text.SVC_Handler
                0x0000000008001612        0x2 ./Core/Src/stm32f4xx_it.o
                0x0000000008001612                SVC_Handler
 .text.DebugMon_Handler
                0x0000000008001614        0x2 ./Core/Src/stm32f4xx_it.o
                0x0000000008001614                DebugMon_Handler
 .text.PendSV_Handler
                0x0000000008001616        0x2 ./Core/Src/stm32f4xx_it.o
                0x0000000008001616                PendSV_Handler
 .text.SysTick_Handler
                0x0000000008001618        0x4 ./Core/Src/stm32f4xx_it.o
                0x0000000008001618                SysTick_Handler
 .text.SystemInit
                0x000000000800161c       0x1c ./Core/Src/system_stm32f4xx.o
                0x000000000800161c                SystemInit
 .text.Reset_Handler
                0x0000000008001638       0x50 ./Core/Startup/startup_stm32f446retx.o
                0x0000000008001638                Reset_Handler
 .text.Default_Handler
                0x0000000008001688        0x2 ./Core/Startup/startup_stm32f446retx.o
                0x0000000008001688                RTC_Alarm_IRQHandler
                0x0000000008001688                EXTI2_IRQHandler
                0x0000000008001688                TIM8_CC_IRQHandler
                0x0000000008001688                FMPI2C1_EV_IRQHandler
                0x0000000008001688                SPI4_IRQHandler
                0x0000000008001688                TIM1_CC_IRQHandler
                0x0000000008001688                DMA1_Stream5_IRQHandler
                0x0000000008001688                PVD_IRQHandler
                0x0000000008001688                SDIO_IRQHandler
                0x0000000008001688                TAMP_STAMP_IRQHandler
                0x0000000008001688                CAN2_RX1_IRQHandler
                0x0000000008001688                EXTI3_IRQHandler
                0x0000000008001688                TIM8_TRG_COM_TIM14_IRQHandler
                0x0000000008001688                TIM1_UP_TIM10_IRQHandler
                0x0000000008001688                TIM8_UP_TIM13_IRQHandler
                0x0000000008001688                I2C3_ER_IRQHandler
                0x0000000008001688                I2C2_EV_IRQHandler
                0x0000000008001688                DMA1_Stream2_IRQHandler
                0x0000000008001688                CAN1_RX0_IRQHandler
                0x0000000008001688                FPU_IRQHandler
                0x0000000008001688                OTG_HS_WKUP_IRQHandler
                0x0000000008001688                CAN2_SCE_IRQHandler
                0x0000000008001688                DMA2_Stream2_IRQHandler
                0x0000000008001688                SPI1_IRQHandler
                0x0000000008001688                TIM6_DAC_IRQHandler
                0x0000000008001688                TIM1_BRK_TIM9_IRQHandler
                0x0000000008001688                DCMI_IRQHandler
                0x0000000008001688                CAN2_RX0_IRQHandler
                0x0000000008001688                DMA2_Stream3_IRQHandler
                0x0000000008001688                SAI2_IRQHandler
                0x0000000008001688                CAN1_RX1_IRQHandler
                0x0000000008001688                DMA2_Stream0_IRQHandler
                0x0000000008001688                QUADSPI_IRQHandler
                0x0000000008001688                I2C1_EV_IRQHandler
                0x0000000008001688                DMA1_Stream6_IRQHandler
                0x0000000008001688                DMA1_Stream1_IRQHandler
                0x0000000008001688                RCC_IRQHandler
                0x0000000008001688                TIM8_BRK_TIM12_IRQHandler
                0x0000000008001688                Default_Handler
                0x0000000008001688                CEC_IRQHandler
                0x0000000008001688                EXTI15_10_IRQHandler
                0x0000000008001688                ADC_IRQHandler
                0x0000000008001688                DMA1_Stream7_IRQHandler
                0x0000000008001688                TIM7_IRQHandler
                0x0000000008001688                CAN2_TX_IRQHandler
                0x0000000008001688                I2C3_EV_IRQHandler
                0x0000000008001688                EXTI9_5_IRQHandler
                0x0000000008001688                RTC_WKUP_IRQHandler
                0x0000000008001688                SPDIF_RX_IRQHandler
                0x0000000008001688                SPI2_IRQHandler
                0x0000000008001688                OTG_HS_EP1_IN_IRQHandler
                0x0000000008001688                DMA1_Stream0_IRQHandler
                0x0000000008001688                CAN1_TX_IRQHandler
                0x0000000008001688                FMPI2C1_ER_IRQHandler
                0x0000000008001688                EXTI4_IRQHandler
                0x0000000008001688                OTG_HS_EP1_OUT_IRQHandler
                0x0000000008001688                WWDG_IRQHandler
                0x0000000008001688                OTG_FS_WKUP_IRQHandler
                0x0000000008001688                TIM1_TRG_COM_TIM11_IRQHandler
                0x0000000008001688                OTG_HS_IRQHandler
                0x0000000008001688                EXTI1_IRQHandler
                0x0000000008001688                USART2_IRQHandler
                0x0000000008001688                I2C2_ER_IRQHandler
                0x0000000008001688                DMA2_Stream1_IRQHandler
                0x0000000008001688                CAN1_SCE_IRQHandler
                0x0000000008001688                FLASH_IRQHandler
                0x0000000008001688                DMA2_Stream4_IRQHandler
                0x0000000008001688                OTG_FS_IRQHandler
                0x0000000008001688                SPI3_IRQHandler
                0x0000000008001688                DMA1_Stream4_IRQHandler
                0x0000000008001688                I2C1_ER_IRQHandler
                0x0000000008001688                FMC_IRQHandler
                0x0000000008001688                DMA2_Stream6_IRQHandler
                0x0000000008001688                SAI1_IRQHandler
                0x0000000008001688                DMA1_Stream3_IRQHandler
 *fill*         0x000000000800168a        0x2 
 .text.HAL_IncTick
                0x000000000800168c       0x18 ./Drivers/STM32F4xx_HAL_Driver/Src/stm32f4xx_hal.o
                0x000000000800168c                HAL_IncTick
 .text.__libc_init_array
                0x00000000080016a4       0x48 c:/st/stm32cubeide_1.9.0/stm32cubeide/plugins/com.st.stm32cube.ide.mcu.externaltools.gnu-tools-for-stm32.10.3-2021.10.win32_1.0.0.202111181127/tools/bin/../lib/gcc/arm-none-eabi/10.3.1/../../../../arm-none-eabi/lib/thumb/v7e-m+fp/hard\libc_nano.a(lib_a-init.o)
                0x00000000080016a4                __libc_init_array
 *(.glue_7)
 .glue_7        0x00000000080016ec        0x0 linker stubs
 *(.glue_7t)
 .glue_7t       0x00000000080016ec        0x0 linker stubs
 *(.eh_frame)
 .eh_frame      0x00000000080016ec        0x0 c:/st/stm32cubeide_1.9.0/stm32cubeide/plugins/com.st.stm32cube.ide.mcu.externaltools.gnu-tools-for-stm32.10.3-2021.10.win32_1.0.0.202111181127/tools/bin/../lib/gcc/arm-none-eabi/10.3.1/thumb/v7e-m+fp/hard/crtbegin.o
 *(.init)
 .init          0x00000000080016ec        0x4 c:/st/stm32cubeide_1.9.0/stm32cubeide/plugins/com.st.stm32cube.ide.mcu.externaltools.gnu-tools-for-stm32.10.3-2021.10.win32_1.0.0.202111181127/tools/bin/../lib/gcc/arm-none-eabi/10.3.1/thumb/v7e-m+fp/hard/crti.o
                0x00000000080016ec                _init
 .init          0x00000000080016f0        0x8 c:/st/stm32cubeide_1.9.0/stm32cubeide/plugins/com.st.stm32cube.ide.mcu.externaltools.gnu-tools-for-stm32.10.3-2021.10.win32_1.0.0.202111181127/tools/bin/../lib/gcc/arm-none-eabi/10.3.1/thumb/v7e-m+fp/hard/crtn.o
 *(.fini)
 .fini          0x00000000080016f8        0x4 c:/st/stm32cubeide_1.9.0/stm32cubeide/plugins/com.st.stm32cube.ide.mcu.externaltools.gnu-tools-for-stm32.10.3-2021.10.win32_1.0.0.202111181127/tools/bin/../lib/gcc/arm-none-eabi/10.3.1/thumb/v7e-m+fp/hard/crti.o
                0x00000000080016f8                _fini
 .fini          0x00000000080016fc        0x8 c:/st/stm32cubeide_1.9.0/stm32cubeide/plugins/com.st.stm32cube.ide.mcu.externaltools.gnu-tools-for-stm32.10.3-2021.10.win32_1.0.0.202111181127/tools/bin/../lib/gcc/arm-none-eabi/10.3.1/thumb/v7e-m+fp/hard/crtn.o
                0x0000000008001704                . = ALIGN (0x4)
                0x0000000008001704                _etext = .

.vfp11_veneer   0x0000000008001704        0x0
 .vfp11_veneer  0x0000000008001704        0x0 linker stubs

.v4_bx          0x0000000008001704        0x0
 .v4_bx         0x0000000008001704        0x0 linker stubs

.iplt           0x0000000008001704        0x0
 .iplt          0x0000000008001704        0x0 c:/st/stm32cubeide_1.9.0/stm32cubeide/plugins/com.st.stm32cube.ide.mcu.externaltools.gnu-tools-for-stm32.10.3-2021.10.win32_1.0.0.202111181127/tools/bin/../lib/gcc/arm-none-eabi/10.3.1/thumb/v7e-m+fp/hard/crtbegin.o

.rodata         0x0000000008001704        0x4
                0x0000000008001704                . = ALIGN (0x4)
 *(.rodata)
 *(.rodata*)
 .rodata.NVIC_Cfg
                0x0000000008001704        0x3 ./Core/Src/NVIC_config.o
                0x0000000008001704                NVIC_Cfg
                0x0000000008001708                . = ALIGN (0x4)
 *fill*         0x0000000008001707        0x1 

.rel.dyn        0x0000000008001708        0x0
 .rel.iplt      0x0000000008001708        0x0 c:/st/stm32cubeide_1.9.0/stm32cubeide/plugins/com.st.stm32cube.ide.mcu.externaltools.gnu-tools-for-stm32.10.3-2021.10.win32_1.0.0.202111181127/tools/bin/../lib/gcc/arm-none-eabi/10.3.1/thumb/v7e-m+fp/hard/crtbegin.o

.ARM.extab      0x0000000008001708        0x0
                0x0000000008001708                . = ALIGN (0x4)
 *(.ARM.extab* .gnu.linkonce.armextab.*)
                0x0000000008001708                . = ALIGN (0x4)

.ARM            0x0000000008001708        0x0
                0x0000000008001708                . = ALIGN (0x4)
                0x0000000008001708                __exidx_start = .
 *(.ARM.exidx*)
                0x0000000008001708                __exidx_end = .
                0x0000000008001708                . = ALIGN (0x4)

.preinit_array  0x0000000008001708        0x0
                0x0000000008001708                . = ALIGN (0x4)
                0x0000000008001708                PROVIDE (__preinit_array_start = .)
 *(.preinit_array*)
                0x0000000008001708                PROVIDE (__preinit_array_end = .)
                0x0000000008001708                . = ALIGN (0x4)

.init_array     0x0000000008001708        0x4
                0x0000000008001708                . = ALIGN (0x4)
                0x0000000008001708                PROVIDE (__init_array_start = .)
 *(SORT_BY_NAME(.init_array.*))
 *(.init_array*)
 .init_array    0x0000000008001708        0x4 c:/st/stm32cubeide_1.9.0/stm32cubeide/plugins/com.st.stm32cube.ide.mcu.externaltools.gnu-tools-for-stm32.10.3-2021.10.win32_1.0.0.202111181127/tools/bin/../lib/gcc/arm-none-eabi/10.3.1/thumb/v7e-m+fp/hard/crtbegin.o
                0x000000000800170c                PROVIDE (__init_array_end = .)
                0x000000000800170c                . = ALIGN (0x4)

.fini_array     0x000000000800170c        0x4
                0x000000000800170c                . = ALIGN (0x4)
                [!provide]                        PROVIDE (__fini_array_start = .)
 *(SORT_BY_NAME(.fini_array.*))
 *(.fini_array*)
 .fini_array    0x000000000800170c        0x4 c:/st/stm32cubeide_1.9.0/stm32cubeide/plugins/com.st.stm32cube.ide.mcu.externaltools.gnu-tools-for-stm32.10.3-2021.10.win32_1.0.0.202111181127/tools/bin/../lib/gcc/arm-none-eabi/10.3.1/thumb/v7e-m+fp/hard/crtbegin.o
                [!provide]                        PROVIDE (__fini_array_end = .)
                0x0000000008001710                . = ALIGN (0x4)
                0x0000000008001710                _sidata = LOADADDR (.data)

.data           0x0000000020000000       0x2c load address 0x0000000008001710
                0x0000000020000000                . = ALIGN (0x4)
                0x0000000020000000                _sdata = .
 *(.data)
 *(.data*)
 .data.Timer_Number
                0x0000000020000000       0x10 ./Core/Src/Timer_program.o
                0x0000000020000000                Timer_Number
 .data.Uart_Channels
                0x0000000020000010       0x18 ./Core/Src/USART_program.o
                0x0000000020000010                Uart_Channels
 .data.PWM_left_motor
                0x0000000020000028        0x1 ./Core/Src/main.o
                0x0000000020000028                PWM_left_motor
 .data.PWM_right_motor
                0x0000000020000029        0x1 ./Core/Src/main.o
                0x0000000020000029                PWM_right_motor
 .data.uwTickFreq
                0x000000002000002a        0x1 ./Drivers/STM32F4xx_HAL_Driver/Src/stm32f4xx_hal.o
                0x000000002000002a                uwTickFreq
 *(.RamFunc)
 *(.RamFunc*)
                0x000000002000002c                . = ALIGN (0x4)
 *fill*         0x000000002000002b        0x1 
                0x000000002000002c                _edata = .

.igot.plt       0x000000002000002c        0x0 load address 0x000000000800173c
 .igot.plt      0x000000002000002c        0x0 c:/st/stm32cubeide_1.9.0/stm32cubeide/plugins/com.st.stm32cube.ide.mcu.externaltools.gnu-tools-for-stm32.10.3-2021.10.win32_1.0.0.202111181127/tools/bin/../lib/gcc/arm-none-eabi/10.3.1/thumb/v7e-m+fp/hard/crtbegin.o
                0x000000002000002c                . = ALIGN (0x4)

.bss            0x0000000020000030       0x94 load address 0x000000000800173c
                0x0000000020000030                _sbss = .
                0x0000000020000030                __bss_start__ = _sbss
 *(.bss)
 .bss           0x0000000020000030       0x1c c:/st/stm32cubeide_1.9.0/stm32cubeide/plugins/com.st.stm32cube.ide.mcu.externaltools.gnu-tools-for-stm32.10.3-2021.10.win32_1.0.0.202111181127/tools/bin/../lib/gcc/arm-none-eabi/10.3.1/thumb/v7e-m+fp/hard/crtbegin.o
 *(.bss*)
 .bss.Global_pvEXTI0NotificationFunction
                0x000000002000004c        0x4 ./Core/Src/EXTI_program.o
 .bss.enBitOffset
                0x0000000020000050        0x4 ./Core/Src/NVIC_program.o
                0x0000000020000050                enBitOffset
 .bss.enRegOffset
                0x0000000020000054        0x4 ./Core/Src/NVIC_program.o
                0x0000000020000054                enRegOffset
 .bss.i         0x0000000020000058        0x4 ./Core/Src/NVIC_program.o
                0x0000000020000058                i
 .bss.intNum    0x000000002000005c        0x4 ./Core/Src/NVIC_program.o
                0x000000002000005c                intNum
 .bss.locGroup  0x0000000020000060        0x4 ./Core/Src/NVIC_program.o
                0x0000000020000060                locGroup
 .bss.locGroupingField
                0x0000000020000064        0x4 ./Core/Src/NVIC_program.o
                0x0000000020000064                locGroupingField
 .bss.locSubGroup
                0x0000000020000068        0x4 ./Core/Src/NVIC_program.o
                0x0000000020000068                locSubGroup
 .bss.priBitOffset
                0x000000002000006c        0x4 ./Core/Src/NVIC_program.o
                0x000000002000006c                priBitOffset
 .bss.priRegOffset
                0x0000000020000070        0x4 ./Core/Src/NVIC_program.o
                0x0000000020000070                priRegOffset
 .bss.Timer2_CallBack
                0x0000000020000074        0x4 ./Core/Src/Timer_program.o
                0x0000000020000074                Timer2_CallBack
 .bss.Timer3_CallBack
                0x0000000020000078        0x4 ./Core/Src/Timer_program.o
                0x0000000020000078                Timer3_CallBack
 .bss.Timer4_CallBack
                0x000000002000007c        0x4 ./Core/Src/Timer_program.o
                0x000000002000007c                Timer4_CallBack
 .bss.Timer5_CallBack
                0x0000000020000080        0x4 ./Core/Src/Timer_program.o
                0x0000000020000080                Timer5_CallBack
 .bss.DMA2_Stream5_CallBack
                0x0000000020000084        0x4 ./Core/Src/USART_program.o
                0x0000000020000084                DMA2_Stream5_CallBack
 .bss.DMA2_Stream7_CallBack
                0x0000000020000088        0x4 ./Core/Src/USART_program.o
                0x0000000020000088                DMA2_Stream7_CallBack
 .bss.UART4_CallBack
                0x000000002000008c        0x4 ./Core/Src/USART_program.o
                0x000000002000008c                UART4_CallBack
 .bss.UART5_CallBack
                0x0000000020000090        0x4 ./Core/Src/USART_program.o
                0x0000000020000090                UART5_CallBack
 .bss.USART1_CallBack
                0x0000000020000094        0x4 ./Core/Src/USART_program.o
                0x0000000020000094                USART1_CallBack
 .bss.USART3_CallBack
                0x0000000020000098        0x4 ./Core/Src/USART_program.o
                0x0000000020000098                USART3_CallBack
 .bss.USART6_CallBack
                0x000000002000009c        0x4 ./Core/Src/USART_program.o
                0x000000002000009c                USART6_CallBack
 .bss.last_byte_index.0
                0x00000000200000a0        0x1 ./Core/Src/main.o
 *fill*         0x00000000200000a1        0x3 
 .bss.last_local_u32_left_motor.1
                0x00000000200000a4        0x4 ./Core/Src/main.o
 .bss.last_local_u32_right_motor.2
                0x00000000200000a8        0x4 ./Core/Src/main.o
 *fill*         0x00000000200000ac        0x4 
 .bss.left_radian_per_second
                0x00000000200000b0        0x8 ./Core/Src/main.o
                0x00000000200000b0                left_radian_per_second
 .bss.right_radian_per_second
                0x00000000200000b8        0x8 ./Core/Src/main.o
                0x00000000200000b8                right_radian_per_second
 .bss.uwTick    0x00000000200000c0        0x4 ./Drivers/STM32F4xx_HAL_Driver/Src/stm32f4xx_hal.o
                0x00000000200000c0                uwTick
 *(COMMON)
                0x00000000200000c4                . = ALIGN (0x4)
                0x00000000200000c4                _ebss = .
                0x00000000200000c4                __bss_end__ = _ebss

._user_heap_stack
                0x00000000200000c4      0x604 load address 0x000000000800173c
                0x00000000200000c8                . = ALIGN (0x8)
 *fill*         0x00000000200000c4        0x4 
                [!provide]                        PROVIDE (end = .)
                0x00000000200000c8                PROVIDE (_end = .)
                0x00000000200002c8                . = (. + _Min_Heap_Size)
 *fill*         0x00000000200000c8      0x200 
                0x00000000200006c8                . = (. + _Min_Stack_Size)
 *fill*         0x00000000200002c8      0x400 
                0x00000000200006c8                . = ALIGN (0x8)

/DISCARD/
 libc.a(*)
 libm.a(*)
 libgcc.a(*)

.ARM.attributes
                0x0000000000000000       0x30
 *(.ARM.attributes)
 .ARM.attributes
                0x0000000000000000       0x1e c:/st/stm32cubeide_1.9.0/stm32cubeide/plugins/com.st.stm32cube.ide.mcu.externaltools.gnu-tools-for-stm32.10.3-2021.10.win32_1.0.0.202111181127/tools/bin/../lib/gcc/arm-none-eabi/10.3.1/thumb/v7e-m+fp/hard/crti.o
 .ARM.attributes
                0x000000000000001e       0x34 c:/st/stm32cubeide_1.9.0/stm32cubeide/plugins/com.st.stm32cube.ide.mcu.externaltools.gnu-tools-for-stm32.10.3-2021.10.win32_1.0.0.202111181127/tools/bin/../lib/gcc/arm-none-eabi/10.3.1/thumb/v7e-m+fp/hard/crtbegin.o
 .ARM.attributes
                0x0000000000000052       0x34 ./Core/Src/EXTI_program.o
 .ARM.attributes
                0x0000000000000086       0x34 ./Core/Src/GPIO_program.o
 .ARM.attributes
                0x00000000000000ba       0x34 ./Core/Src/NVIC_config.o
 .ARM.attributes
                0x00000000000000ee       0x34 ./Core/Src/NVIC_program.o
 .ARM.attributes
                0x0000000000000122       0x34 ./Core/Src/RCC_Program.o
 .ARM.attributes
                0x0000000000000156       0x34 ./Core/Src/Timer_program.o
 .ARM.attributes
                0x000000000000018a       0x34 ./Core/Src/USART_program.o
 .ARM.attributes
                0x00000000000001be       0x34 ./Core/Src/main.o
 .ARM.attributes
                0x00000000000001f2       0x34 ./Core/Src/stm32f4xx_it.o
 .ARM.attributes
                0x0000000000000226       0x34 ./Core/Src/system_stm32f4xx.o
 .ARM.attributes
                0x000000000000025a       0x21 ./Core/Startup/startup_stm32f446retx.o
 .ARM.attributes
                0x000000000000027b       0x34 ./Drivers/STM32F4xx_HAL_Driver/Src/stm32f4xx_hal.o
 .ARM.attributes
                0x00000000000002af       0x34 c:/st/stm32cubeide_1.9.0/stm32cubeide/plugins/com.st.stm32cube.ide.mcu.externaltools.gnu-tools-for-stm32.10.3-2021.10.win32_1.0.0.202111181127/tools/bin/../lib/gcc/arm-none-eabi/10.3.1/../../../../arm-none-eabi/lib/thumb/v7e-m+fp/hard\libc_nano.a(lib_a-init.o)
 .ARM.attributes
                0x00000000000002e3       0x1e c:/st/stm32cubeide_1.9.0/stm32cubeide/plugins/com.st.stm32cube.ide.mcu.externaltools.gnu-tools-for-stm32.10.3-2021.10.win32_1.0.0.202111181127/tools/bin/../lib/gcc/arm-none-eabi/10.3.1/thumb/v7e-m+fp/hard\libgcc.a(_arm_addsubdf3.o)
 .ARM.attributes
                0x0000000000000301       0x1e c:/st/stm32cubeide_1.9.0/stm32cubeide/plugins/com.st.stm32cube.ide.mcu.externaltools.gnu-tools-for-stm32.10.3-2021.10.win32_1.0.0.202111181127/tools/bin/../lib/gcc/arm-none-eabi/10.3.1/thumb/v7e-m+fp/hard\libgcc.a(_arm_muldivdf3.o)
 .ARM.attributes
                0x000000000000031f       0x1e c:/st/stm32cubeide_1.9.0/stm32cubeide/plugins/com.st.stm32cube.ide.mcu.externaltools.gnu-tools-for-stm32.10.3-2021.10.win32_1.0.0.202111181127/tools/bin/../lib/gcc/arm-none-eabi/10.3.1/thumb/v7e-m+fp/hard/crtn.o
OUTPUT(Our_Project.elf elf32-littlearm)
LOAD linker stubs
LOAD c:/st/stm32cubeide_1.9.0/stm32cubeide/plugins/com.st.stm32cube.ide.mcu.externaltools.gnu-tools-for-stm32.10.3-2021.10.win32_1.0.0.202111181127/tools/bin/../lib/gcc/arm-none-eabi/10.3.1/../../../../arm-none-eabi/lib/thumb/v7e-m+fp/hard\libc.a
LOAD c:/st/stm32cubeide_1.9.0/stm32cubeide/plugins/com.st.stm32cube.ide.mcu.externaltools.gnu-tools-for-stm32.10.3-2021.10.win32_1.0.0.202111181127/tools/bin/../lib/gcc/arm-none-eabi/10.3.1/../../../../arm-none-eabi/lib/thumb/v7e-m+fp/hard\libm.a
LOAD c:/st/stm32cubeide_1.9.0/stm32cubeide/plugins/com.st.stm32cube.ide.mcu.externaltools.gnu-tools-for-stm32.10.3-2021.10.win32_1.0.0.202111181127/tools/bin/../lib/gcc/arm-none-eabi/10.3.1/thumb/v7e-m+fp/hard\libgcc.a

.comment        0x0000000000000000       0x50
 .comment       0x0000000000000000       0x50 ./Core/Src/EXTI_program.o
                                         0x51 (size before relaxing)
 .comment       0x0000000000000050       0x51 ./Core/Src/GPIO_program.o
 .comment       0x0000000000000050       0x51 ./Core/Src/NVIC_config.o
 .comment       0x0000000000000050       0x51 ./Core/Src/NVIC_program.o
 .comment       0x0000000000000050       0x51 ./Core/Src/RCC_Program.o
 .comment       0x0000000000000050       0x51 ./Core/Src/Timer_program.o
 .comment       0x0000000000000050       0x51 ./Core/Src/USART_program.o
 .comment       0x0000000000000050       0x51 ./Core/Src/main.o
 .comment       0x0000000000000050       0x51 ./Core/Src/stm32f4xx_it.o
 .comment       0x0000000000000050       0x51 ./Core/Src/system_stm32f4xx.o
 .comment       0x0000000000000050       0x51 ./Drivers/STM32F4xx_HAL_Driver/Src/stm32f4xx_hal.o

.debug_frame    0x0000000000000000      0x128
 .debug_frame   0x0000000000000000       0x2c c:/st/stm32cubeide_1.9.0/stm32cubeide/plugins/com.st.stm32cube.ide.mcu.externaltools.gnu-tools-for-stm32.10.3-2021.10.win32_1.0.0.202111181127/tools/bin/../lib/gcc/arm-none-eabi/10.3.1/../../../../arm-none-eabi/lib/thumb/v7e-m+fp/hard\libc_nano.a(lib_a-init.o)
 .debug_frame   0x000000000000002c       0xac c:/st/stm32cubeide_1.9.0/stm32cubeide/plugins/com.st.stm32cube.ide.mcu.externaltools.gnu-tools-for-stm32.10.3-2021.10.win32_1.0.0.202111181127/tools/bin/../lib/gcc/arm-none-eabi/10.3.1/thumb/v7e-m+fp/hard\libgcc.a(_arm_addsubdf3.o)
 .debug_frame   0x00000000000000d8       0x50 c:/st/stm32cubeide_1.9.0/stm32cubeide/plugins/com.st.stm32cube.ide.mcu.externaltools.gnu-tools-for-stm32.10.3-2021.10.win32_1.0.0.202111181127/tools/bin/../lib/gcc/arm-none-eabi/10.3.1/thumb/v7e-m+fp/hard\libgcc.a(_arm_muldivdf3.o)
