Archive member included to satisfy reference by file (symbol)

g:/iti/01- embedded systems avr tools/imt_sdk_win_32/winarm/armgcc/bin/../lib/gcc/arm-none-eabi/7.2.1/thumb/v7e-m\libgcc.a(_arm_addsubsf3.o)
                              ./src/USART_program.o (__aeabi_fsub)
g:/iti/01- embedded systems avr tools/imt_sdk_win_32/winarm/armgcc/bin/../lib/gcc/arm-none-eabi/7.2.1/thumb/v7e-m\libgcc.a(_arm_muldivsf3.o)
                              ./src/USART_program.o (__aeabi_fmul)
g:/iti/01- embedded systems avr tools/imt_sdk_win_32/winarm/armgcc/bin/../lib/gcc/arm-none-eabi/7.2.1/thumb/v7e-m\libgcc.a(_arm_fixunssfsi.o)
                              ./src/USART_program.o (__aeabi_f2uiz)
g:/iti/01- embedded systems avr tools/imt_sdk_win_32/winarm/armgcc/bin/../lib/gcc/arm-none-eabi/7.2.1/../../../../arm-none-eabi/lib/thumb/v7e-m\libg_nano.a(lib_a-errno.o)
                              ./system/src/newlib/_sbrk.o (__errno)
g:/iti/01- embedded systems avr tools/imt_sdk_win_32/winarm/armgcc/bin/../lib/gcc/arm-none-eabi/7.2.1/../../../../arm-none-eabi/lib/thumb/v7e-m\libg_nano.a(lib_a-impure.o)
                              g:/iti/01- embedded systems avr tools/imt_sdk_win_32/winarm/armgcc/bin/../lib/gcc/arm-none-eabi/7.2.1/../../../../arm-none-eabi/lib/thumb/v7e-m\libg_nano.a(lib_a-errno.o) (_impure_ptr)
g:/iti/01- embedded systems avr tools/imt_sdk_win_32/winarm/armgcc/bin/../lib/gcc/arm-none-eabi/7.2.1/../../../../arm-none-eabi/lib/thumb/v7e-m\libg_nano.a(lib_a-strlen.o)
                              ./system/src/diag/Trace.o (strlen)
g:/iti/01- embedded systems avr tools/imt_sdk_win_32/winarm/armgcc/bin/../lib/gcc/arm-none-eabi/7.2.1/../../../../arm-none-eabi/lib/thumb/v7e-m\libg_nano.a(lib_a-vsnprintf.o)
                              ./system/src/diag/Trace.o (vsnprintf)
g:/iti/01- embedded systems avr tools/imt_sdk_win_32/winarm/armgcc/bin/../lib/gcc/arm-none-eabi/7.2.1/../../../../arm-none-eabi/lib/thumb/v7e-m\libg_nano.a(lib_a-nano-svfprintf.o)
                              g:/iti/01- embedded systems avr tools/imt_sdk_win_32/winarm/armgcc/bin/../lib/gcc/arm-none-eabi/7.2.1/../../../../arm-none-eabi/lib/thumb/v7e-m\libg_nano.a(lib_a-vsnprintf.o) (_svfprintf_r)
g:/iti/01- embedded systems avr tools/imt_sdk_win_32/winarm/armgcc/bin/../lib/gcc/arm-none-eabi/7.2.1/../../../../arm-none-eabi/lib/thumb/v7e-m\libg_nano.a(lib_a-nano-vfprintf_i.o)
                              g:/iti/01- embedded systems avr tools/imt_sdk_win_32/winarm/armgcc/bin/../lib/gcc/arm-none-eabi/7.2.1/../../../../arm-none-eabi/lib/thumb/v7e-m\libg_nano.a(lib_a-nano-svfprintf.o) (_printf_i)
g:/iti/01- embedded systems avr tools/imt_sdk_win_32/winarm/armgcc/bin/../lib/gcc/arm-none-eabi/7.2.1/../../../../arm-none-eabi/lib/thumb/v7e-m\libg_nano.a(lib_a-memchr.o)
                              g:/iti/01- embedded systems avr tools/imt_sdk_win_32/winarm/armgcc/bin/../lib/gcc/arm-none-eabi/7.2.1/../../../../arm-none-eabi/lib/thumb/v7e-m\libg_nano.a(lib_a-nano-svfprintf.o) (memchr)
g:/iti/01- embedded systems avr tools/imt_sdk_win_32/winarm/armgcc/bin/../lib/gcc/arm-none-eabi/7.2.1/../../../../arm-none-eabi/lib/thumb/v7e-m\libg_nano.a(lib_a-memcpy-stub.o)
                              g:/iti/01- embedded systems avr tools/imt_sdk_win_32/winarm/armgcc/bin/../lib/gcc/arm-none-eabi/7.2.1/../../../../arm-none-eabi/lib/thumb/v7e-m\libg_nano.a(lib_a-nano-svfprintf.o) (memcpy)
g:/iti/01- embedded systems avr tools/imt_sdk_win_32/winarm/armgcc/bin/../lib/gcc/arm-none-eabi/7.2.1/../../../../arm-none-eabi/lib/thumb/v7e-m\libg_nano.a(lib_a-memmove.o)
                              g:/iti/01- embedded systems avr tools/imt_sdk_win_32/winarm/armgcc/bin/../lib/gcc/arm-none-eabi/7.2.1/../../../../arm-none-eabi/lib/thumb/v7e-m\libg_nano.a(lib_a-nano-svfprintf.o) (memmove)
g:/iti/01- embedded systems avr tools/imt_sdk_win_32/winarm/armgcc/bin/../lib/gcc/arm-none-eabi/7.2.1/../../../../arm-none-eabi/lib/thumb/v7e-m\libg_nano.a(lib_a-nano-freer.o)
                              g:/iti/01- embedded systems avr tools/imt_sdk_win_32/winarm/armgcc/bin/../lib/gcc/arm-none-eabi/7.2.1/../../../../arm-none-eabi/lib/thumb/v7e-m\libg_nano.a(lib_a-nano-svfprintf.o) (_free_r)
g:/iti/01- embedded systems avr tools/imt_sdk_win_32/winarm/armgcc/bin/../lib/gcc/arm-none-eabi/7.2.1/../../../../arm-none-eabi/lib/thumb/v7e-m\libg_nano.a(lib_a-nano-mallocr.o)
                              g:/iti/01- embedded systems avr tools/imt_sdk_win_32/winarm/armgcc/bin/../lib/gcc/arm-none-eabi/7.2.1/../../../../arm-none-eabi/lib/thumb/v7e-m\libg_nano.a(lib_a-nano-svfprintf.o) (_malloc_r)
g:/iti/01- embedded systems avr tools/imt_sdk_win_32/winarm/armgcc/bin/../lib/gcc/arm-none-eabi/7.2.1/../../../../arm-none-eabi/lib/thumb/v7e-m\libg_nano.a(lib_a-nano-reallocr.o)
                              g:/iti/01- embedded systems avr tools/imt_sdk_win_32/winarm/armgcc/bin/../lib/gcc/arm-none-eabi/7.2.1/../../../../arm-none-eabi/lib/thumb/v7e-m\libg_nano.a(lib_a-nano-svfprintf.o) (_realloc_r)
[...]
Memory Configuration

Name             Origin             Length             Attributes
RAM              0x20000000         0x00020000         xrw
CCMRAM           0x10000000         0x00010000         xrw
FLASH            0x08000000         0x00100000         xr
FLASHB1          0x00000000         0x00000000         xr
EXTMEMB0         0x00000000         0x00000000         xr
EXTMEMB1         0x00000000         0x00000000         xr
EXTMEMB2         0x00000000         0x00000000         xr
EXTMEMB3         0x00000000         0x00000000         xr
MEMORY_ARRAY     0x20002000         0x00000020         xrw
*default*        0x00000000         0xffffffff

Linker script and memory map

LOAD ./system/src/stm32f4-hal/stm32f4xx_hal.o
LOAD ./system/src/stm32f4-hal/stm32f4xx_hal_cortex.o
LOAD ./system/src/stm32f4-hal/stm32f4xx_hal_dfsdm.o
LOAD ./system/src/stm32f4-hal/stm32f4xx_hal_flash.o
LOAD ./system/src/stm32f4-hal/stm32f4xx_hal_gpio.o
LOAD ./system/src/stm32f4-hal/stm32f4xx_hal_iwdg.o
LOAD ./system/src/stm32f4-hal/stm32f4xx_hal_pwr.o
LOAD ./system/src/stm32f4-hal/stm32f4xx_hal_rcc.o
LOAD ./system/src/newlib/_cxx.o
LOAD ./system/src/newlib/_exit.o
LOAD ./system/src/newlib/_sbrk.o
LOAD ./system/src/newlib/_startup.o
LOAD ./system/src/newlib/_syscalls.o
LOAD ./system/src/newlib/assert.o
LOAD ./system/src/diag/Trace.o
LOAD ./system/src/diag/trace_impl.o
LOAD ./system/src/cortexm/_initialize_hardware.o
LOAD ./system/src/cortexm/_reset_hardware.o
LOAD ./system/src/cortexm/exception_handlers.o
LOAD ./system/src/cmsis/system_stm32f4xx.o
LOAD ./system/src/cmsis/vectors_stm32f446xx.o
LOAD ./src/USART_program.o
LOAD ./src/main.o
LOAD g:/iti/01- embedded systems avr tools/imt_sdk_win_32/winarm/armgcc/bin/../lib/gcc/arm-none-eabi/7.2.1/../../../../arm-none-eabi/lib/thumb/v7e-m\libstdc++_nano.a
LOAD g:/iti/01- embedded systems avr tools/imt_sdk_win_32/winarm/armgcc/bin/../lib/gcc/arm-none-eabi/7.2.1/../../../../arm-none-eabi/lib/thumb/v7e-m\libm.a
START GROUP
LOAD g:/iti/01- embedded systems avr tools/imt_sdk_win_32/winarm/armgcc/bin/../lib/gcc/arm-none-eabi/7.2.1/thumb/v7e-m\libgcc.a
LOAD g:/iti/01- embedded systems avr tools/imt_sdk_win_32/winarm/armgcc/bin/../lib/gcc/arm-none-eabi/7.2.1/../../../../arm-none-eabi/lib/thumb/v7e-m\libg_nano.a
LOAD g:/iti/01- embedded systems avr tools/imt_sdk_win_32/winarm/armgcc/bin/../lib/gcc/arm-none-eabi/7.2.1/../../../../arm-none-eabi/lib/thumb/v7e-m\libc_nano.a
END GROUP
START GROUP
LOAD g:/iti/01- embedded systems avr tools/imt_sdk_win_32/winarm/armgcc/bin/../lib/gcc/arm-none-eabi/7.2.1/thumb/v7e-m\libgcc.a
LOAD g:/iti/01- embedded systems avr tools/imt_sdk_win_32/winarm/armgcc/bin/../lib/gcc/arm-none-eabi/7.2.1/../../../../arm-none-eabi/lib/thumb/v7e-m\libc_nano.a
END GROUP
                0x20020000                __stack = (ORIGIN (RAM) + LENGTH (RAM))
                0x20020000                _estack = __stack
                0x00000400                __Main_Stack_Size = 0x400
                [!provide]                PROVIDE (_Main_Stack_Size, __Main_Stack_Size)
                0x2001fc00                __Main_Stack_Limit = (__stack - __Main_Stack_Size)
                [!provide]                PROVIDE (_Main_Stack_Limit, __Main_Stack_Limit)
                0x00000100                _Minimum_Stack_Size = 0x100
                0x20000128                PROVIDE (_Heap_Begin, _end_noinit)
                0x2001fc00                PROVIDE (_Heap_Limit, (__stack - __Main_Stack_Size))

.isr_vector     0x08000000      0x424
 FILL mask 0xff
                0x08000000                __vectors_start = ABSOLUTE (.)
                0x08000000                __vectors_start__ = ABSOLUTE (.)
 *(.isr_vector)
 .isr_vector    0x08000000      0x1c4 ./system/src/cmsis/vectors_stm32f446xx.o
                0x08000000                __isr_vectors
 *(.cfmconfig)
 *(.after_vectors .after_vectors.*)
 .after_vectors
                0x080001c4      0x130 ./system/src/newlib/_startup.o
                0x080001c4                _start
 .after_vectors
                0x080002f4      0x12c ./system/src/cortexm/exception_handlers.o
                0x080002f4                Reset_Handler
                0x080002fa                NMI_Handler
                0x080002fe                HardFault_Handler
                0x08000312                HardFault_Handler_C
                0x08000370                MemManage_Handler
                0x08000374                BusFault_Handler
                0x08000388                BusFault_Handler_C
                0x080003bc                UsageFault_Handler
                0x080003d0                UsageFault_Handler_C
                0x08000404                SVC_Handler
                0x08000408                DebugMon_Handler
                0x0800040c                PendSV_Handler
                0x08000410                SysTick_Handler
 .after_vectors
                0x08000420        0x4 ./system/src/cmsis/vectors_stm32f446xx.o
                0x08000420                RTC_Alarm_IRQHandler
                0x08000420                EXTI2_IRQHandler
                0x08000420                TIM8_CC_IRQHandler
                0x08000420                SPI4_IRQHandler
                0x08000420                TIM1_CC_IRQHandler
                0x08000420                DMA2_Stream5_IRQHandler
                0x08000420                DMA1_Stream5_IRQHandler
                0x08000420                PVD_IRQHandler
                0x08000420                SDIO_IRQHandler
                0x08000420                TAMP_STAMP_IRQHandler
                0x08000420                CAN2_RX1_IRQHandler
                0x08000420                EXTI3_IRQHandler
                0x08000420                TIM8_TRG_COM_TIM14_IRQHandler
                0x08000420                TIM1_UP_TIM10_IRQHandler
                0x08000420                TIM8_UP_TIM13_IRQHandler
                0x08000420                I2C3_ER_IRQHandler
                0x08000420                EXTI0_IRQHandler
                0x08000420                I2C2_EV_IRQHandler
                0x08000420                DMA1_Stream2_IRQHandler
                0x08000420                CAN1_RX0_IRQHandler
                0x08000420                FPU_IRQHandler
                0x08000420                OTG_HS_WKUP_IRQHandler
                0x08000420                CAN2_SCE_IRQHandler
                0x08000420                DMA2_Stream2_IRQHandler
                0x08000420                SPI1_IRQHandler
                0x08000420                TIM6_DAC_IRQHandler
                0x08000420                TIM1_BRK_TIM9_IRQHandler
                0x08000420                DCMI_IRQHandler
                0x08000420                CAN2_RX0_IRQHandler
                0x08000420                DMA2_Stream3_IRQHandler
                0x08000420                SAI2_IRQHandler
                0x08000420                CAN1_RX1_IRQHandler
                0x08000420                DMA2_Stream0_IRQHandler
                0x08000420                I2C4_Error_IRQHandler
                0x08000420                TIM4_IRQHandler
                0x08000420                QUADSPI_IRQHandler
                0x08000420                I2C1_EV_IRQHandler
                0x08000420                DMA1_Stream6_IRQHandler
                0x08000420                DMA1_Stream1_IRQHandler
                0x08000420                TIM3_IRQHandler
                0x08000420                RCC_IRQHandler
                0x08000420                TIM8_BRK_TIM12_IRQHandler
                0x08000420                Default_Handler
                0x08000420                CEC_IRQHandler
                0x08000420                EXTI15_10_IRQHandler
                0x08000420                ADC_IRQHandler
                0x08000420                DMA1_Stream7_IRQHandler
                0x08000420                TIM7_IRQHandler
                0x08000420                CAN2_TX_IRQHandler
                0x08000420                TIM5_IRQHandler
                0x08000420                DMA2_Stream7_IRQHandler
                0x08000420                I2C3_EV_IRQHandler
                0x08000420                EXTI9_5_IRQHandler
                0x08000420                RTC_WKUP_IRQHandler
                0x08000420                SPDIF_RX_IRQHandler
                0x08000420                SPI2_IRQHandler
                0x08000420                OTG_HS_EP1_IN_IRQHandler
                0x08000420                DMA1_Stream0_IRQHandler
                0x08000420                CAN1_TX_IRQHandler
                0x08000420                EXTI4_IRQHandler
                0x08000420                OTG_HS_EP1_OUT_IRQHandler
                0x08000420                WWDG_IRQHandler
                0x08000420                TIM2_IRQHandler
                0x08000420                OTG_FS_WKUP_IRQHandler
                0x08000420                TIM1_TRG_COM_TIM11_IRQHandler
                0x08000420                OTG_HS_IRQHandler
                0x08000420                EXTI1_IRQHandler
                0x08000420                USART2_IRQHandler
                0x08000420                I2C2_ER_IRQHandler
                0x08000420                DMA2_Stream1_IRQHandler
                0x08000420                CAN1_SCE_IRQHandler
                0x08000420                FLASH_IRQHandler
                0x08000420                DMA2_Stream4_IRQHandler
                0x08000420                OTG_FS_IRQHandler
                0x08000420                SPI3_IRQHandler
                0x08000420                DMA1_Stream4_IRQHandler
                0x08000420                I2C1_ER_IRQHandler
                0x08000420                FMC_IRQHandler
                0x08000420                I2C4_Event_IRQHandler
                0x08000420                DMA2_Stream6_IRQHandler
                0x08000420                SAI1_IRQHandler
                0x08000420                DMA1_Stream3_IRQHandler

.inits          0x08000424       0x28
                0x08000424                __data_regions_array_start = .
                0x08000424        0x4 LONG 0x8001224 LOADADDR (.data)
                0x08000428        0x4 LONG 0x20000000 ADDR (.data)
                0x0800042c        0x4 LONG 0x20000078 (ADDR (.data) + SIZEOF (.data))
                0x08000430        0x4 LONG 0x8001224 LOADADDR (.data_CCMRAM)
                0x08000434        0x4 LONG 0x10000000 ADDR (.data_CCMRAM)
                0x08000438        0x4 LONG 0x10000000 (ADDR (.data_CCMRAM) + SIZEOF (.data_CCMRAM))
                0x0800043c                __data_regions_array_end = .
                0x0800043c                __bss_regions_array_start = .
                0x0800043c        0x4 LONG 0x20000078 ADDR (.bss)
                0x08000440        0x4 LONG 0x20000128 (ADDR (.bss) + SIZEOF (.bss))
                0x08000444        0x4 LONG 0x10000000 ADDR (.bss_CCMRAM)
                0x08000448        0x4 LONG 0x10000000 (ADDR (.bss_CCMRAM) + SIZEOF (.bss_CCMRAM))
                0x0800044c                __bss_regions_array_end = .
 *(.init)
 *(.fini)
                0x0800044c                . = ALIGN (0x4)
                0x0800044c                PROVIDE (__preinit_array_start, .)
 *(.preinit_array_sysinit .preinit_array_sysinit.*)
 *(.preinit_array_platform .preinit_array_platform.*)
 *(.preinit_array .preinit_array.*)
                0x0800044c                PROVIDE (__preinit_array_end, .)
                0x0800044c                . = ALIGN (0x4)
                0x0800044c                PROVIDE (__init_array_start, .)
 *(SORT_BY_NAME(.init_array.*))
 *(.init_array)
                0x0800044c                PROVIDE (__init_array_end, .)
                0x0800044c                . = ALIGN (0x4)
                0x0800044c                PROVIDE (__fini_array_start, .)
 *(SORT_BY_NAME(.fini_array.*))
 *(.fini_array)
                0x0800044c                PROVIDE (__fini_array_end, .)

.flashtext
 *(.flashtext .flashtext.*)

.text           0x08000450      0xdd3
 *(.text .text.*)
 .text._exit    0x08000450        0x2 ./system/src/newlib/_exit.o
                0x08000450                _exit
 *fill*         0x08000452        0x2 
 .text._sbrk    0x08000454       0x44 ./system/src/newlib/_sbrk.o
                0x08000454                _sbrk
 .text.__initialize_args
                0x08000498       0x10 ./system/src/newlib/_syscalls.o
                0x08000498                __initialize_args
 .text.trace_printf
                0x080004a8       0x30 ./system/src/diag/Trace.o
                0x080004a8                trace_printf
 .text._trace_write_semihosting_debug
                0x080004d8       0x60 ./system/src/diag/trace_impl.o
 .text.trace_write
                0x08000538        0x8 ./system/src/diag/trace_impl.o
                0x08000538                trace_write
 .text.__initialize_hardware_early
                0x08000540       0x18 ./system/src/cortexm/_initialize_hardware.o
                0x08000540                __initialize_hardware_early
 .text.__initialize_hardware
                0x08000558        0x8 ./system/src/cortexm/_initialize_hardware.o
                0x08000558                __initialize_hardware
 .text.dumpExceptionStack
                0x08000560       0xf4 ./system/src/cortexm/exception_handlers.o
                0x08000560                dumpExceptionStack
 .text.isSemihosting
                0x08000654       0x20 ./system/src/cortexm/exception_handlers.o
                0x08000654                isSemihosting
 .text.SystemInit
                0x08000674       0x40 ./system/src/cmsis/system_stm32f4xx.o
                0x08000674                SystemInit
 .text.SystemCoreClockUpdate
                0x080006b4       0xa0 ./system/src/cmsis/system_stm32f4xx.o
                0x080006b4                SystemCoreClockUpdate
 .text.USART1_IRQHandler
                0x08000754       0x10 ./src/USART_program.o
                0x08000754                USART1_IRQHandler
 .text.USART3_IRQHandler
                0x08000764       0x10 ./src/USART_program.o
                0x08000764                USART3_IRQHandler
 .text.UART4_IRQHandler
                0x08000774       0x10 ./src/USART_program.o
                0x08000774                UART4_IRQHandler
 .text.UART5_IRQHandler
                0x08000784       0x10 ./src/USART_program.o
                0x08000784                UART5_IRQHandler
 .text.USART6_IRQHandler
                0x08000794       0x10 ./src/USART_program.o
                0x08000794                USART6_IRQHandler
 .text.main     0x080007a4        0x2 ./src/main.o
                0x080007a4                main
 *fill*         0x080007a6        0x2 
 .text.__errno  0x080007a8        0xc g:/iti/01- embedded systems avr tools/imt_sdk_win_32/winarm/armgcc/bin/../lib/gcc/arm-none-eabi/7.2.1/../../../../arm-none-eabi/lib/thumb/v7e-m\libg_nano.a(lib_a-errno.o)
                0x080007a8                __errno
 .text._vsnprintf_r
                0x080007b4       0x58 g:/iti/01- embedded systems avr tools/imt_sdk_win_32/winarm/armgcc/bin/../lib/gcc/arm-none-eabi/7.2.1/../../../../arm-none-eabi/lib/thumb/v7e-m\libg_nano.a(lib_a-vsnprintf.o)
                0x080007b4                _vsniprintf_r
                0x080007b4                _vsnprintf_r
 .text.vsnprintf
                0x0800080c       0x1c g:/iti/01- embedded systems avr tools/imt_sdk_win_32/winarm/armgcc/bin/../lib/gcc/arm-none-eabi/7.2.1/../../../../arm-none-eabi/lib/thumb/v7e-m\libg_nano.a(lib_a-vsnprintf.o)
                0x0800080c                vsniprintf
                0x0800080c                vsnprintf
 .text.__ssputs_r
                0x08000828       0xb4 g:/iti/01- embedded systems avr tools/imt_sdk_win_32/winarm/armgcc/bin/../lib/gcc/arm-none-eabi/7.2.1/../../../../arm-none-eabi/lib/thumb/v7e-m\libg_nano.a(lib_a-nano-svfprintf.o)
                0x08000828                __ssputs_r
 .text._svfprintf_r
                0x080008dc      0x1ec g:/iti/01- embedded systems avr tools/imt_sdk_win_32/winarm/armgcc/bin/../lib/gcc/arm-none-eabi/7.2.1/../../../../arm-none-eabi/lib/thumb/v7e-m\libg_nano.a(lib_a-nano-svfprintf.o)
                0x080008dc                _svfiprintf_r
                0x080008dc                _svfprintf_r
 .text._printf_common
                0x08000ac8       0xea g:/iti/01- embedded systems avr tools/imt_sdk_win_32/winarm/armgcc/bin/../lib/gcc/arm-none-eabi/7.2.1/../../../../arm-none-eabi/lib/thumb/v7e-m\libg_nano.a(lib_a-nano-vfprintf_i.o)
                0x08000ac8                _printf_common
 *fill*         0x08000bb2        0x2 
 .text._printf_i
                0x08000bb4      0x224 g:/iti/01- embedded systems avr tools/imt_sdk_win_32/winarm/armgcc/bin/../lib/gcc/arm-none-eabi/7.2.1/../../../../arm-none-eabi/lib/thumb/v7e-m\libg_nano.a(lib_a-nano-vfprintf_i.o)
                0x08000bb4                _printf_i
 *fill*         0x08000dd8        0x8 
 .text          0x08000de0       0xa0 g:/iti/01- embedded systems avr tools/imt_sdk_win_32/winarm/armgcc/bin/../lib/gcc/arm-none-eabi/7.2.1/../../../../arm-none-eabi/lib/thumb/v7e-m\libg_nano.a(lib_a-memchr.o)
                0x08000de0                memchr
 .text.memcpy   0x08000e80       0x16 g:/iti/01- embedded systems avr tools/imt_sdk_win_32/winarm/armgcc/bin/../lib/gcc/arm-none-eabi/7.2.1/../../../../arm-none-eabi/lib/thumb/v7e-m\libg_nano.a(lib_a-memcpy-stub.o)
                0x08000e80                memcpy
 .text.memmove  0x08000e96       0x32 g:/iti/01- embedded systems avr tools/imt_sdk_win_32/winarm/armgcc/bin/../lib/gcc/arm-none-eabi/7.2.1/../../../../arm-none-eabi/lib/thumb/v7e-m\libg_nano.a(lib_a-memmove.o)
                0x08000e96                memmove
 .text._free_r  0x08000ec8       0x9c g:/iti/01- embedded systems avr tools/imt_sdk_win_32/winarm/armgcc/bin/../lib/gcc/arm-none-eabi/7.2.1/../../../../arm-none-eabi/lib/thumb/v7e-m\libg_nano.a(lib_a-nano-freer.o)
                0x08000ec8                _free_r
 .text._malloc_r
                0x08000f64       0xb4 g:/iti/01- embedded systems avr tools/imt_sdk_win_32/winarm/armgcc/bin/../lib/gcc/arm-none-eabi/7.2.1/../../../../arm-none-eabi/lib/thumb/v7e-m\libg_nano.a(lib_a-nano-mallocr.o)
                0x08000f64                _malloc_r
 .text._realloc_r
                0x08001018       0x4c g:/iti/01- embedded systems avr tools/imt_sdk_win_32/winarm/armgcc/bin/../lib/gcc/arm-none-eabi/7.2.1/../../../../arm-none-eabi/lib/thumb/v7e-m\libg_nano.a(lib_a-nano-reallocr.o)
                0x08001018                _realloc_r
 .text._sbrk_r  0x08001064       0x20 g:/iti/01- embedded systems avr tools/imt_sdk_win_32/winarm/armgcc/bin/../lib/gcc/arm-none-eabi/7.2.1/../../../../arm-none-eabi/lib/thumb/v7e-m\libg_nano.a(lib_a-sbrkr.o)
                0x08001064                _sbrk_r
 .text.__malloc_lock
                0x08001084        0x2 g:/iti/01- embedded systems avr tools/imt_sdk_win_32/winarm/armgcc/bin/../lib/gcc/arm-none-eabi/7.2.1/../../../../arm-none-eabi/lib/thumb/v7e-m\libg_nano.a(lib_a-mlock.o)
                0x08001084                __malloc_lock
 .text.__malloc_unlock
                0x08001086        0x2 g:/iti/01- embedded systems avr tools/imt_sdk_win_32/winarm/armgcc/bin/../lib/gcc/arm-none-eabi/7.2.1/../../../../arm-none-eabi/lib/thumb/v7e-m\libg_nano.a(lib_a-mlock.o)
                0x08001086                __malloc_unlock
 .text._malloc_usable_size_r
                0x08001088       0x10 g:/iti/01- embedded systems avr tools/imt_sdk_win_32/winarm/armgcc/bin/../lib/gcc/arm-none-eabi/7.2.1/../../../../arm-none-eabi/lib/thumb/v7e-m\libg_nano.a(lib_a-nano-msizer.o)
                0x08001088                _malloc_usable_size_r
 *(.rodata .rodata.* .constdata .constdata.*)
 .rodata.dumpExceptionStack.str1.4
                0x08001098      0x11a ./system/src/cortexm/exception_handlers.o
 *fill*         0x080011b2        0x2 
 .rodata.str1.4
                0x080011b4       0x2c ./system/src/cortexm/exception_handlers.o
                                 0x2a (size before relaxing)
 .rodata.AHBPrescTable
                0x080011e0       0x10 ./system/src/cmsis/system_stm32f4xx.o
                0x080011e0                AHBPrescTable
 .rodata._svfprintf_r.str1.1
                0x080011f0       0x11 g:/iti/01- embedded systems avr tools/imt_sdk_win_32/winarm/armgcc/bin/../lib/gcc/arm-none-eabi/7.2.1/../../../../arm-none-eabi/lib/thumb/v7e-m\libg_nano.a(lib_a-nano-svfprintf.o)
 .rodata._printf_i.str1.1
                0x08001201       0x22 g:/iti/01- embedded systems avr tools/imt_sdk_win_32/winarm/armgcc/bin/../lib/gcc/arm-none-eabi/7.2.1/../../../../arm-none-eabi/lib/thumb/v7e-m\libg_nano.a(lib_a-nano-vfprintf_i.o)
 *(vtable)
 *(.eh_frame*)
 *(.glue_7)
 .glue_7        0x08001223        0x0 linker stubs
 *(.glue_7t)
 .glue_7t       0x08001223        0x0 linker stubs

.vfp11_veneer   0x08001224        0x0
 .vfp11_veneer  0x08001224        0x0 linker stubs

.v4_bx          0x08001224        0x0
 .v4_bx         0x08001224        0x0 linker stubs

.iplt           0x08001224        0x0
 .iplt          0x08001224        0x0 ./system/src/newlib/_exit.o

.rel.dyn        0x08001224        0x0
 .rel.iplt      0x08001224        0x0 ./system/src/newlib/_exit.o

.ARM.extab
 *(.ARM.extab* .gnu.linkonce.armextab.*)
                0x08001224                . = ALIGN (0x4)
                0x08001224                __exidx_start = .

.ARM.exidx
 *(.ARM.exidx* .gnu.linkonce.armexidx.*)
                0x08001224                __exidx_end = .
                0x08001224                . = ALIGN (0x4)
                0x08001224                _etext = .
                0x08001224                __etext = .

.data_CCMRAM    0x10000000        0x0 load address 0x08001224
 FILL mask 0xff
 *(.data.CCMRAM .data.CCMRAM.*)
                0x10000000                . = ALIGN (0x4)
                0x08001224                _sidata = LOADADDR (.data)

.data           0x20000000       0x78 load address 0x08001224
 FILL mask 0xff
                0x20000000                _sdata = .
                0x20000000                __data_start__ = .
 *(.data_begin .data_begin.*)
 .data_begin    0x20000000        0x4 ./system/src/newlib/_startup.o
 *(.data .data.*)
 .data.argv.4310
                0x20000004        0x8 ./system/src/newlib/_syscalls.o
 .data.SystemCoreClock
                0x2000000c        0x4 ./system/src/cmsis/system_stm32f4xx.o
                0x2000000c                SystemCoreClock
 .data._impure_ptr
                0x20000010        0x4 g:/iti/01- embedded systems avr tools/imt_sdk_win_32/winarm/armgcc/bin/../lib/gcc/arm-none-eabi/7.2.1/../../../../arm-none-eabi/lib/thumb/v7e-m\libg_nano.a(lib_a-impure.o)
                0x20000010                _impure_ptr
 .data.impure_data
                0x20000014       0x60 g:/iti/01- embedded systems avr tools/imt_sdk_win_32/winarm/armgcc/bin/../lib/gcc/arm-none-eabi/7.2.1/../../../../arm-none-eabi/lib/thumb/v7e-m\libg_nano.a(lib_a-impure.o)
 *(.data_end .data_end.*)
 .data_end      0x20000074        0x4 ./system/src/newlib/_startup.o
                0x20000078                . = ALIGN (0x4)
                0x20000078                _edata = .
                0x20000078                __data_end__ = .

.igot.plt       0x20000078        0x0 load address 0x0800129c
 .igot.plt      0x20000078        0x0 ./system/src/newlib/_exit.o

.bss_CCMRAM     0x10000000        0x0
 *(.bss.CCMRAM .bss.CCMRAM.*)

.bss            0x20000078       0xb0
                0x20000078                __bss_start__ = .
                0x20000078                _sbss = .
 *(.bss_begin .bss_begin.*)
 .bss_begin     0x20000078        0x4 ./system/src/newlib/_startup.o
 *(.bss .bss.*)
 .bss.current_heap_end.3961
                0x2000007c        0x4 ./system/src/newlib/_sbrk.o
 .bss.name.4309
                0x20000080        0x1 ./system/src/newlib/_syscalls.o
 *fill*         0x20000081        0x3 
 .bss.buf.5205  0x20000084       0x80 ./system/src/diag/Trace.o
 .bss.UART4_CallBack
                0x20000104        0x4 ./src/USART_program.o
                0x20000104                UART4_CallBack
 .bss.UART5_CallBack
                0x20000108        0x4 ./src/USART_program.o
                0x20000108                UART5_CallBack
 .bss.USART1_CallBack
                0x2000010c        0x4 ./src/USART_program.o
                0x2000010c                USART1_CallBack
 .bss.USART3_CallBack
                0x20000110        0x4 ./src/USART_program.o
                0x20000110                USART3_CallBack
 .bss.USART6_CallBack
                0x20000114        0x4 ./src/USART_program.o
                0x20000114                USART6_CallBack
 .bss.__malloc_free_list
                0x20000118        0x4 g:/iti/01- embedded systems avr tools/imt_sdk_win_32/winarm/armgcc/bin/../lib/gcc/arm-none-eabi/7.2.1/../../../../arm-none-eabi/lib/thumb/v7e-m\libg_nano.a(lib_a-nano-mallocr.o)
                0x20000118                __malloc_free_list
 .bss.__malloc_sbrk_start
                0x2000011c        0x4 g:/iti/01- embedded systems avr tools/imt_sdk_win_32/winarm/armgcc/bin/../lib/gcc/arm-none-eabi/7.2.1/../../../../arm-none-eabi/lib/thumb/v7e-m\libg_nano.a(lib_a-nano-mallocr.o)
                0x2000011c                __malloc_sbrk_start
 *(COMMON)
 COMMON         0x20000120        0x4 ./system/src/newlib/_syscalls.o
                0x20000120                errno
 *(.bss_end .bss_end.*)
 .bss_end       0x20000124        0x4 ./system/src/newlib/_startup.o
                0x20000128                . = ALIGN (0x4)
                0x20000128                __bss_end__ = .
                0x20000128                _ebss = .

.noinit_CCMRAM
 *(.noinit.CCMRAM .noinit.CCMRAM.*)

.noinit         0x20000128        0x0
                0x20000128                _noinit = .
 *(.noinit .noinit.*)
                0x20000128                . = ALIGN (0x4)
                0x20000128                _end_noinit = .
                [!provide]                PROVIDE (end, _end_noinit)
                [!provide]                PROVIDE (_end, _end_noinit)
                [!provide]                PROVIDE (__end, _end_noinit)
                [!provide]                PROVIDE (__end__, _end_noinit)

._check_stack   0x20000128      0x100
                0x20000228                . = (. + _Minimum_Stack_Size)
 *fill*         0x20000128      0x100 

.b1text
 *(.b1text)
 *(.b1rodata)
 *(.b1rodata.*)

.eb0text
 *(.eb0text)
 *(.eb0rodata)
 *(.eb0rodata.*)

.eb1text
 *(.eb1text)
 *(.eb1rodata)
 *(.eb1rodata.*)

.eb2text
 *(.eb2text)
 *(.eb2rodata)
 *(.eb2rodata.*)

.eb3text
 *(.eb3text)
 *(.eb3rodata)
 *(.eb3rodata.*)

.stab
 *(.stab)

.stabstr
 *(.stabstr)

.stab.excl
 *(.stab.excl)

.stab.exclstr
 *(.stab.exclstr)

.stab.index
 *(.stab.index)

.stab.indexstr
 *(.stab.indexstr)

.comment        0x00000000       0x7e
 *(.comment)
 .comment       0x00000000       0x7e ./system/src/newlib/_exit.o
                                 0x7f (size before relaxing)
 .comment       0x0000007e       0x7f ./system/src/newlib/_sbrk.o
 .comment       0x0000007e       0x7f ./system/src/newlib/_startup.o
 .comment       0x0000007e       0x7f ./system/src/newlib/_syscalls.o
 .comment       0x0000007e       0x7f ./system/src/diag/Trace.o
 .comment       0x0000007e       0x7f ./system/src/diag/trace_impl.o
 .comment       0x0000007e       0x7f ./system/src/cortexm/_initialize_hardware.o
 .comment       0x0000007e       0x7f ./system/src/cortexm/exception_handlers.o
 .comment       0x0000007e       0x7f ./system/src/cmsis/system_stm32f4xx.o
 .comment       0x0000007e       0x7f ./system/src/cmsis/vectors_stm32f446xx.o
 .comment       0x0000007e       0x7f ./src/USART_program.o
 .comment       0x0000007e       0x7f ./src/main.o

.ARM.attributes
                0x00000000       0x31
 .ARM.attributes
                0x00000000       0x33 ./system/src/newlib/_exit.o
 .ARM.attributes
                0x00000033       0x33 ./system/src/newlib/_sbrk.o
 .ARM.attributes
                0x00000066       0x33 ./system/src/newlib/_startup.o
 .ARM.attributes
                0x00000099       0x33 ./system/src/newlib/_syscalls.o
 .ARM.attributes
                0x000000cc       0x33 ./system/src/diag/Trace.o
 .ARM.attributes
                0x000000ff       0x33 ./system/src/diag/trace_impl.o
 .ARM.attributes
                0x00000132       0x33 ./system/src/cortexm/_initialize_hardware.o
 .ARM.attributes
                0x00000165       0x33 ./system/src/cortexm/exception_handlers.o
 .ARM.attributes
                0x00000198       0x33 ./system/src/cmsis/system_stm32f4xx.o
 .ARM.attributes
                0x000001cb       0x33 ./system/src/cmsis/vectors_stm32f446xx.o
 .ARM.attributes
                0x000001fe       0x33 ./src/USART_program.o
 .ARM.attributes
                0x00000231       0x33 ./src/main.o
 .ARM.attributes
                0x00000264       0x2e g:/iti/01- embedded systems avr tools/imt_sdk_win_32/winarm/armgcc/bin/../lib/gcc/arm-none-eabi/7.2.1/../../../../arm-none-eabi/lib/thumb/v7e-m\libg_nano.a(lib_a-errno.o)
 .ARM.attributes
                0x00000292       0x2e g:/iti/01- embedded systems avr tools/imt_sdk_win_32/winarm/armgcc/bin/../lib/gcc/arm-none-eabi/7.2.1/../../../../arm-none-eabi/lib/thumb/v7e-m\libg_nano.a(lib_a-impure.o)
 .ARM.attributes
                0x000002c0       0x2e g:/iti/01- embedded systems avr tools/imt_sdk_win_32/winarm/armgcc/bin/../lib/gcc/arm-none-eabi/7.2.1/../../../../arm-none-eabi/lib/thumb/v7e-m\libg_nano.a(lib_a-vsnprintf.o)
 .ARM.attributes
                0x000002ee       0x2e g:/iti/01- embedded systems avr tools/imt_sdk_win_32/winarm/armgcc/bin/../lib/gcc/arm-none-eabi/7.2.1/../../../../arm-none-eabi/lib/thumb/v7e-m\libg_nano.a(lib_a-nano-svfprintf.o)
 .ARM.attributes
                0x0000031c       0x2e g:/iti/01- embedded systems avr tools/imt_sdk_win_32/winarm/armgcc/bin/../lib/gcc/arm-none-eabi/7.2.1/../../../../arm-none-eabi/lib/thumb/v7e-m\libg_nano.a(lib_a-nano-vfprintf_i.o)
 .ARM.attributes
                0x0000034a       0x1c g:/iti/01- embedded systems avr tools/imt_sdk_win_32/winarm/armgcc/bin/../lib/gcc/arm-none-eabi/7.2.1/../../../../arm-none-eabi/lib/thumb/v7e-m\libg_nano.a(lib_a-memchr.o)
 .ARM.attributes
                0x00000366       0x2e g:/iti/01- embedded systems avr tools/imt_sdk_win_32/winarm/armgcc/bin/../lib/gcc/arm-none-eabi/7.2.1/../../../../arm-none-eabi/lib/thumb/v7e-m\libg_nano.a(lib_a-memcpy-stub.o)
 .ARM.attributes
                0x00000394       0x2e g:/iti/01- embedded systems avr tools/imt_sdk_win_32/winarm/armgcc/bin/../lib/gcc/arm-none-eabi/7.2.1/../../../../arm-none-eabi/lib/thumb/v7e-m\libg_nano.a(lib_a-memmove.o)
 .ARM.attributes
                0x000003c2       0x2e g:/iti/01- embedded systems avr tools/imt_sdk_win_32/winarm/armgcc/bin/../lib/gcc/arm-none-eabi/7.2.1/../../../../arm-none-eabi/lib/thumb/v7e-m\libg_nano.a(lib_a-nano-freer.o)
 .ARM.attributes
                0x000003f0       0x2e g:/iti/01- embedded systems avr tools/imt_sdk_win_32/winarm/armgcc/bin/../lib/gcc/arm-none-eabi/7.2.1/../../../../arm-none-eabi/lib/thumb/v7e-m\libg_nano.a(lib_a-nano-mallocr.o)
 .ARM.attributes
                0x0000041e       0x2e g:/iti/01- embedded systems avr tools/imt_sdk_win_32/winarm/armgcc/bin/../lib/gcc/arm-none-eabi/7.2.1/../../../../arm-none-eabi/lib/thumb/v7e-m\libg_nano.a(lib_a-nano-reallocr.o)
 .ARM.attributes
                0x0000044c       0x2e g:/iti/01- embedded systems avr tools/imt_sdk_win_32/winarm/armgcc/bin/../lib/gcc/arm-none-eabi/7.2.1/../../../../arm-none-eabi/lib/thumb/v7e-m\libg_nano.a(lib_a-sbrkr.o)
 .ARM.attributes
                0x0000047a       0x2e g:/iti/01- embedded systems avr tools/imt_sdk_win_32/winarm/armgcc/bin/../lib/gcc/arm-none-eabi/7.2.1/../../../../arm-none-eabi/lib/thumb/v7e-m\libg_nano.a(lib_a-mlock.o)
 .ARM.attributes
                0x000004a8       0x2e g:/iti/01- embedded systems avr tools/imt_sdk_win_32/winarm/armgcc/bin/../lib/gcc/arm-none-eabi/7.2.1/../../../../arm-none-eabi/lib/thumb/v7e-m\libg_nano.a(lib_a-nano-msizer.o)

.debug
 *(.debug)

.line
 *(.line)

.debug_srcinfo
 *(.debug_srcinfo)

.debug_sfnames
 *(.debug_sfnames)

.debug_aranges  0x00000000      0x310
 *(.debug_aranges)
 .debug_aranges
                0x00000000       0x28 ./system/src/newlib/_exit.o
 .debug_aranges
                0x00000028       0x20 ./system/src/newlib/_sbrk.o
 .debug_aranges
                0x00000048       0x40 ./system/src/newlib/_startup.o
 .debug_aranges
                0x00000088       0x30 ./system/src/newlib/_syscalls.o
 .debug_aranges
                0x000000b8       0x38 ./system/src/diag/Trace.o
 .debug_aranges
                0x000000f0       0x30 ./system/src/diag/trace_impl.o
 .debug_aranges
                0x00000120       0x28 ./system/src/cortexm/_initialize_hardware.o
 .debug_aranges
                0x00000148       0x90 ./system/src/cortexm/exception_handlers.o
 .debug_aranges
                0x000001d8       0x28 ./system/src/cmsis/system_stm32f4xx.o
 .debug_aranges
                0x00000200       0x20 ./system/src/cmsis/vectors_stm32f446xx.o
 .debug_aranges
                0x00000220       0xd0 ./src/USART_program.o
 .debug_aranges
                0x000002f0       0x20 ./src/main.o

.debug_pubnames
 *(.debug_pubnames)

.debug_info     0x00000000     0x6aed
 *(.debug_info .gnu.linkonce.wi.*)
 .debug_info    0x00000000      0x956 ./system/src/newlib/_exit.o
 .debug_info    0x00000956      0x942 ./system/src/newlib/_sbrk.o
 .debug_info    0x00001298      0x4bf ./system/src/newlib/_startup.o
 .debug_info    0x00001757      0xa19 ./system/src/newlib/_syscalls.o
 .debug_info    0x00002170      0xb2a ./system/src/diag/Trace.o
 .debug_info    0x00002c9a      0xb6b ./system/src/diag/trace_impl.o
 .debug_info    0x00003805      0xade ./system/src/cortexm/_initialize_hardware.o
 .debug_info    0x000042e3     0x115a ./system/src/cortexm/exception_handlers.o
 .debug_info    0x0000543d      0xd08 ./system/src/cmsis/system_stm32f4xx.o
 .debug_info    0x00006145       0xca ./system/src/cmsis/vectors_stm32f446xx.o
 .debug_info    0x0000620f      0x739 ./src/USART_program.o
 .debug_info    0x00006948      0x1a5 ./src/main.o

.debug_abbrev   0x00000000     0x1755
 *(.debug_abbrev)
 .debug_abbrev  0x00000000      0x1f3 ./system/src/newlib/_exit.o
 .debug_abbrev  0x000001f3      0x1fc ./system/src/newlib/_sbrk.o
 .debug_abbrev  0x000003ef      0x1cb ./system/src/newlib/_startup.o
 .debug_abbrev  0x000005ba      0x234 ./system/src/newlib/_syscalls.o
 .debug_abbrev  0x000007ee      0x276 ./system/src/diag/Trace.o
 .debug_abbrev  0x00000a64      0x2ef ./system/src/diag/trace_impl.o
 .debug_abbrev  0x00000d53      0x1de ./system/src/cortexm/_initialize_hardware.o
 .debug_abbrev  0x00000f31      0x32b ./system/src/cortexm/exception_handlers.o
 .debug_abbrev  0x0000125c      0x216 ./system/src/cmsis/system_stm32f4xx.o
 .debug_abbrev  0x00001472       0x9d ./system/src/cmsis/vectors_stm32f446xx.o
 .debug_abbrev  0x0000150f      0x199 ./src/USART_program.o
 .debug_abbrev  0x000016a8       0xad ./src/main.o

.debug_line     0x00000000     0x446c
 *(.debug_line)
 .debug_line    0x00000000      0x383 ./system/src/newlib/_exit.o
 .debug_line    0x00000383      0x337 ./system/src/newlib/_sbrk.o
 .debug_line    0x000006ba      0x3ff ./system/src/newlib/_startup.o
 .debug_line    0x00000ab9      0x45a ./system/src/newlib/_syscalls.o
 .debug_line    0x00000f13      0x3ff ./system/src/diag/Trace.o
 .debug_line    0x00001312      0xb75 ./system/src/diag/trace_impl.o
 .debug_line    0x00001e87      0xade ./system/src/cortexm/_initialize_hardware.o
 .debug_line    0x00002965      0xc2c ./system/src/cortexm/exception_handlers.o
 .debug_line    0x00003591      0xae4 ./system/src/cmsis/system_stm32f4xx.o
 .debug_line    0x00004075      0x10f ./system/src/cmsis/vectors_stm32f446xx.o
 .debug_line    0x00004184      0x26e ./src/USART_program.o
 .debug_line    0x000043f2       0x7a ./src/main.o

.debug_frame    0x00000000      0x8d0
 *(.debug_frame)
 .debug_frame   0x00000000       0x38 ./system/src/newlib/_exit.o
 .debug_frame   0x00000038       0x28 ./system/src/newlib/_sbrk.o
 .debug_frame   0x00000060       0x7c ./system/src/newlib/_startup.o
 .debug_frame   0x000000dc       0x50 ./system/src/newlib/_syscalls.o
 .debug_frame   0x0000012c       0x94 ./system/src/diag/Trace.o
 .debug_frame   0x000001c0       0x64 ./system/src/diag/trace_impl.o
 .debug_frame   0x00000224       0x40 ./system/src/cortexm/_initialize_hardware.o
 .debug_frame   0x00000264      0x158 ./system/src/cortexm/exception_handlers.o
 .debug_frame   0x000003bc       0x30 ./system/src/cmsis/system_stm32f4xx.o
 .debug_frame   0x000003ec       0x20 ./system/src/cmsis/vectors_stm32f446xx.o
 .debug_frame   0x0000040c      0x1dc ./src/USART_program.o
 .debug_frame   0x000005e8       0x20 ./src/main.o
 .debug_frame   0x00000608       0x20 g:/iti/01- embedded systems avr tools/imt_sdk_win_32/winarm/armgcc/bin/../lib/gcc/arm-none-eabi/7.2.1/../../../../arm-none-eabi/lib/thumb/v7e-m\libg_nano.a(lib_a-errno.o)
 .debug_frame   0x00000628       0x4c g:/iti/01- embedded systems avr tools/imt_sdk_win_32/winarm/armgcc/bin/../lib/gcc/arm-none-eabi/7.2.1/../../../../arm-none-eabi/lib/thumb/v7e-m\libg_nano.a(lib_a-vsnprintf.o)
 .debug_frame   0x00000674       0x90 g:/iti/01- embedded systems avr tools/imt_sdk_win_32/winarm/armgcc/bin/../lib/gcc/arm-none-eabi/7.2.1/../../../../arm-none-eabi/lib/thumb/v7e-m\libg_nano.a(lib_a-nano-svfprintf.o)
 .debug_frame   0x00000704       0x60 g:/iti/01- embedded systems avr tools/imt_sdk_win_32/winarm/armgcc/bin/../lib/gcc/arm-none-eabi/7.2.1/../../../../arm-none-eabi/lib/thumb/v7e-m\libg_nano.a(lib_a-nano-vfprintf_i.o)
 .debug_frame   0x00000764       0x28 g:/iti/01- embedded systems avr tools/imt_sdk_win_32/winarm/armgcc/bin/../lib/gcc/arm-none-eabi/7.2.1/../../../../arm-none-eabi/lib/thumb/v7e-m\libg_nano.a(lib_a-memcpy-stub.o)
 .debug_frame   0x0000078c       0x28 g:/iti/01- embedded systems avr tools/imt_sdk_win_32/winarm/armgcc/bin/../lib/gcc/arm-none-eabi/7.2.1/../../../../arm-none-eabi/lib/thumb/v7e-m\libg_nano.a(lib_a-memmove.o)
 .debug_frame   0x000007b4       0x38 g:/iti/01- embedded systems avr tools/imt_sdk_win_32/winarm/armgcc/bin/../lib/gcc/arm-none-eabi/7.2.1/../../../../arm-none-eabi/lib/thumb/v7e-m\libg_nano.a(lib_a-nano-freer.o)
 .debug_frame   0x000007ec       0x2c g:/iti/01- embedded systems avr tools/imt_sdk_win_32/winarm/armgcc/bin/../lib/gcc/arm-none-eabi/7.2.1/../../../../arm-none-eabi/lib/thumb/v7e-m\libg_nano.a(lib_a-nano-mallocr.o)
 .debug_frame   0x00000818       0x3c g:/iti/01- embedded systems avr tools/imt_sdk_win_32/winarm/armgcc/bin/../lib/gcc/arm-none-eabi/7.2.1/../../../../arm-none-eabi/lib/thumb/v7e-m\libg_nano.a(lib_a-nano-reallocr.o)
 .debug_frame   0x00000854       0x2c g:/iti/01- embedded systems avr tools/imt_sdk_win_32/winarm/armgcc/bin/../lib/gcc/arm-none-eabi/7.2.1/../../../../arm-none-eabi/lib/thumb/v7e-m\libg_nano.a(lib_a-sbrkr.o)
 .debug_frame   0x00000880       0x30 g:/iti/01- embedded systems avr tools/imt_sdk_win_32/winarm/armgcc/bin/../lib/gcc/arm-none-eabi/7.2.1/../../../../arm-none-eabi/lib/thumb/v7e-m\libg_nano.a(lib_a-mlock.o)
 .debug_frame   0x000008b0       0x20 g:/iti/01- embedded systems avr tools/imt_sdk_win_32/winarm/armgcc/bin/../lib/gcc/arm-none-eabi/7.2.1/../../../../arm-none-eabi/lib/thumb/v7e-m\libg_nano.a(lib_a-nano-msizer.o)

.debug_str      0x00000000    0x9dbc1
 *(.debug_str)
 .debug_str     0x00000000     0x7d0a ./system/src/newlib/_exit.o
                               0x7edd (size before relaxing)
 .debug_str     0x00007d0a      0x4f5 ./system/src/newlib/_sbrk.o
                               0x728f (size before relaxing)
 .debug_str     0x000081ff      0xc23 ./system/src/newlib/_startup.o
                               0x6a30 (size before relaxing)
 .debug_str     0x00008e22      0xe8b ./system/src/newlib/_syscalls.o
                               0x816a (size before relaxing)
 .debug_str     0x00009cad      0x826 ./system/src/diag/Trace.o
                               0x8655 (size before relaxing)
 .debug_str     0x0000a4d3    0x92959 ./system/src/diag/trace_impl.o
                              0x9bacd (size before relaxing)
 .debug_str     0x0009ce2c       0xc4 ./system/src/cortexm/_initialize_hardware.o
                              0x9a85f (size before relaxing)
 .debug_str     0x0009cef0      0x1a6 ./system/src/cortexm/exception_handlers.o
                              0x9bc57 (size before relaxing)
 .debug_str     0x0009d096      0x177 ./system/src/cmsis/system_stm32f4xx.o
                              0x9a953 (size before relaxing)
 .debug_str     0x0009d20d       0x59 ./system/src/cmsis/vectors_stm32f446xx.o
                               0x386d (size before relaxing)
 .debug_str     0x0009d266      0x941 ./src/USART_program.o
                               0x36f2 (size before relaxing)
 .debug_str     0x0009dba7       0x1a ./src/main.o
                               0x307e (size before relaxing)

.debug_loc      0x00000000      0xc73
 *(.debug_loc)
 .debug_loc     0x00000000       0x85 ./system/src/newlib/_sbrk.o
 .debug_loc     0x00000085      0x2cb ./system/src/newlib/_startup.o
 .debug_loc     0x00000350       0x63 ./system/src/newlib/_syscalls.o
 .debug_loc     0x000003b3       0xf6 ./system/src/diag/Trace.o
 .debug_loc     0x000004a9      0x121 ./system/src/diag/trace_impl.o
 .debug_loc     0x000005ca      0x291 ./system/src/cortexm/exception_handlers.o
 .debug_loc     0x0000085b      0x13e ./system/src/cmsis/system_stm32f4xx.o
 .debug_loc     0x00000999      0x2da ./src/USART_program.o

.debug_macinfo
 *(.debug_macinfo)

.debug_weaknames
 *(.debug_weaknames)

.debug_funcnames
 *(.debug_funcnames)

.debug_typenames
 *(.debug_typenames)

.debug_varnames
 *(.debug_varnames)
OUTPUT(USART.elf elf32-littlearm)

.debug_ranges   0x00000000      0x2e0
 .debug_ranges  0x00000000       0x18 ./system/src/newlib/_exit.o
 .debug_ranges  0x00000018       0x10 ./system/src/newlib/_sbrk.o
 .debug_ranges  0x00000028       0x90 ./system/src/newlib/_startup.o
 .debug_ranges  0x000000b8       0x20 ./system/src/newlib/_syscalls.o
 .debug_ranges  0x000000d8       0x28 ./system/src/diag/Trace.o
 .debug_ranges  0x00000100       0x50 ./system/src/diag/trace_impl.o
 .debug_ranges  0x00000150       0x18 ./system/src/cortexm/_initialize_hardware.o
 .debug_ranges  0x00000168       0x80 ./system/src/cortexm/exception_handlers.o
 .debug_ranges  0x000001e8       0x18 ./system/src/cmsis/system_stm32f4xx.o
 .debug_ranges  0x00000200       0x10 ./system/src/cmsis/vectors_stm32f446xx.o
 .debug_ranges  0x00000210       0xc0 ./src/USART_program.o
 .debug_ranges  0x000002d0       0x10 ./src/main.o

.debug_macro    0x00000000     0x34e8
 .debug_macro   0x00000000      0x1b4 ./system/src/newlib/_exit.o
 .debug_macro   0x000001b4      0x10e ./system/src/newlib/_exit.o
 .debug_macro   0x000002c2       0x8d ./system/src/newlib/_exit.o
 .debug_macro   0x0000034f       0x35 ./system/src/newlib/_exit.o
 .debug_macro   0x00000384      0x169 ./system/src/newlib/_sbrk.o
 .debug_macro   0x000004ed      0x174 ./system/src/newlib/_sbrk.o
 .debug_macro   0x00000661       0x10 ./system/src/newlib/_sbrk.o
 .debug_macro   0x00000671      0x23b ./system/src/newlib/_sbrk.o
 .debug_macro   0x000008ac      0x173 ./system/src/newlib/_startup.o
 .debug_macro   0x00000a1f      0xa72 ./system/src/newlib/_startup.o
 .debug_macro   0x00001491      0x217 ./system/src/newlib/_syscalls.o
 .debug_macro   0x000016a8       0x1c ./system/src/newlib/_syscalls.o
 .debug_macro   0x000016c4       0x10 ./system/src/newlib/_syscalls.o
 .debug_macro   0x000016d4       0x10 ./system/src/newlib/_syscalls.o
 .debug_macro   0x000016e4       0x10 ./system/src/newlib/_syscalls.o
 .debug_macro   0x000016f4       0x35 ./system/src/newlib/_syscalls.o
 .debug_macro   0x00001729      0x122 ./system/src/newlib/_syscalls.o
 .debug_macro   0x0000184b       0x88 ./system/src/newlib/_syscalls.o
 .debug_macro   0x000018d3       0x2b ./system/src/newlib/_syscalls.o
 .debug_macro   0x000018fe      0x118 ./system/src/newlib/_syscalls.o
 .debug_macro   0x00001a16      0x189 ./system/src/newlib/_syscalls.o
 .debug_macro   0x00001b9f       0x16 ./system/src/newlib/_syscalls.o
 .debug_macro   0x00001bb5      0x1fb ./system/src/diag/Trace.o
 .debug_macro   0x00001db0       0x4c ./system/src/diag/Trace.o
 .debug_macro   0x00001dfc       0x16 ./system/src/diag/Trace.o
 .debug_macro   0x00001e12      0x56b ./system/src/diag/trace_impl.o
 .debug_macro   0x0000237d       0x22 ./system/src/diag/trace_impl.o
 .debug_macro   0x0000239f      0x52f ./system/src/cortexm/_initialize_hardware.o
 .debug_macro   0x000028ce      0x598 ./system/src/cortexm/exception_handlers.o
 .debug_macro   0x00002e66       0x3b ./system/src/cortexm/exception_handlers.o
 .debug_macro   0x00002ea1      0x52b ./system/src/cmsis/system_stm32f4xx.o
 .debug_macro   0x000033cc       0x34 ./system/src/cmsis/vectors_stm32f446xx.o
 .debug_macro   0x00003400       0x3f ./src/USART_program.o
 .debug_macro   0x0000343f       0x10 ./src/USART_program.o
 .debug_macro   0x0000344f       0x22 ./src/USART_program.o
 .debug_macro   0x00003471       0x2e ./src/USART_program.o
 .debug_macro   0x0000349f       0x1c ./src/USART_program.o
 .debug_macro   0x000034bb       0x2d ./src/main.o
