15:58:33 **** Incremental Build of configuration Debug for project CAN ****
make -j8 all 
arm-none-eabi-gcc "../Src/CAN_program.c" -mcpu=cortex-m4 -std=gnu11 -g3 -DDEBUG -DSTM32 -DSTM32F4 -DSTM32F446RETx -DNUCLEO_F446RE -c -I../Inc -O0 -ffunction-sections -fdata-sections -Wall -fstack-usage -MMD -MP -MF"Src/CAN_program.d" -MT"Src/CAN_program.o" --specs=nano.specs -mfpu=fpv4-sp-d16 -mfloat-abi=hard -mthumb -o "Src/CAN_program.o"
../Src/CAN_program.c: In function 'CAN_voidInitialize':
../Src/CAN_program.c:110:32: warning: assignment to 'volatile u32 *' {aka 'volatile long unsigned int *'} from 'u32' {aka 'long unsigned int'} makes pointer from integer without a cast [-Wint-conversion]
  110 |   Filter_Bank[filter_number*2] = Filter_Banks_Config[filter_number*2];
      |                                ^
../Src/CAN_program.c:111:36: warning: assignment to 'volatile u32 *' {aka 'volatile long unsigned int *'} from 'u32' {aka 'long unsigned int'} makes pointer from integer without a cast [-Wint-conversion]
  111 |   Filter_Bank[(filter_number*2)+1] = Filter_Banks_Config[(filter_number*2)+1];
      |                                    ^
arm-none-eabi-gcc -o "CAN.elf" @"objects.list"   -mcpu=cortex-m4 -T"G:\STM32F446RE\Cube Projects\CAN\STM32F446RETX_FLASH.ld" --specs=nosys.specs -Wl,-Map="CAN.map" -Wl,--gc-sections -static --specs=nano.specs -mfpu=fpv4-sp-d16 -mfloat-abi=hard -mthumb -Wl,--start-group -lc -lm -Wl,--end-group
Finished building target: CAN.elf
 
arm-none-eabi-size   CAN.elf 
arm-none-eabi-objdump -h -S  CAN.elf  > "CAN.list"
   text	   data	    bss	    dec	    hex	filename
   1364	    236	   1804	   3404	    d4c	CAN.elf
Finished building: default.size.stdout
 
Finished building: CAN.list
 

15:58:34 Build Finished. 0 errors, 2 warnings. (took 1s.78ms)

