18:45:38 **** Incremental Build of configuration Release for project Our_Project ****
make -j8 all 
arm-none-eabi-gcc "../Core/Src/main.c" -mcpu=cortex-m4 -std=gnu11 -DUSE_HAL_DRIVER -DSTM32F446xx -c -I../Core/Inc -I../Drivers/STM32F4xx_HAL_Driver/Inc -I../Drivers/STM32F4xx_HAL_Driver/Inc/Legacy -I../Drivers/CMSIS/Device/ST/STM32F4xx/Include -I../Drivers/CMSIS/Include -Os -ffunction-sections -fdata-sections -Wall -fstack-usage -MMD -MP -MF"Core/Src/main.d" -MT"Core/Src/main.o" --specs=nano.specs -mfpu=fpv4-sp-d16 -mfloat-abi=hard -mthumb -o "Core/Src/main.o"
arm-none-eabi-gcc -o "Our_Project.elf" @"objects.list"   -mcpu=cortex-m4 -T"G:\STM32F446RE\Cube Projects\Our_Project\STM32F446RETX_FLASH.ld" --specs=nosys.specs -Wl,-Map="Our_Project.map" -Wl,--gc-sections -static --specs=nano.specs -mfpu=fpv4-sp-d16 -mfloat-abi=hard -mthumb -Wl,--start-group -lc -lm -Wl,--end-group
Finished building target: Our_Project.elf
 
arm-none-eabi-size   Our_Project.elf 
arm-none-eabi-objdump -h -S  Our_Project.elf  > "Our_Project.list"
   text	   data	    bss	    dec	    hex	filename
   5380	     52	   1688	   7120	   1bd0	Our_Project.elf
Finished building: default.size.stdout
 
Finished building: Our_Project.list
 
