13:51:18 **** Build of configuration Debug for project Timer ****
make -j8 all 
arm-none-eabi-gcc "../Src/Timer_program.c" -mcpu=cortex-m4 -std=gnu11 -g3 -DDEBUG -DSTM32 -DSTM32F4 -DSTM32F446RETx -DNUCLEO_F446RE -c -I../Inc -O0 -ffunction-sections -fdata-sections -Wall -fstack-usage -MMD -MP -MF"Src/Timer_program.d" -MT"Src/Timer_program.o" --specs=nano.specs -mfpu=fpv4-sp-d16 -mfloat-abi=hard -mthumb -o "Src/Timer_program.o"
arm-none-eabi-gcc -o "Timer.elf" @"objects.list"   -mcpu=cortex-m4 -T"G:\STM32F446RE\Cube Projects\Timer\STM32F446RETX_FLASH.ld" --specs=nosys.specs -Wl,-Map="Timer.map" -Wl,--gc-sections -static --specs=nano.specs -mfpu=fpv4-sp-d16 -mfloat-abi=hard -mthumb -Wl,--start-group -lc -lm -Wl,--end-group
Finished building target: Timer.elf
 
arm-none-eabi-size   Timer.elf 
arm-none-eabi-objdump -h -S  Timer.elf  > "Timer.list"
   text	   data	    bss	    dec	    hex	filename
    704	      8	   1568	   2280	    8e8	Timer.elf
Finished building: default.size.stdout
 
Finished building: Timer.list
 

13:51:19 Build Finished. 0 errors, 0 warnings. (took 1s.489ms)

